Archive member included because of file (symbol)

d:/arm/gnu tools arm embedded/4.8 2014q2/bin/../lib/gcc/arm-none-eabi/4.8.4/armv7-m\libgcc.a(_arm_muldivsf3.o)
                              ./src/uart.o (__aeabi_fmul)
d:/arm/gnu tools arm embedded/4.8 2014q2/bin/../lib/gcc/arm-none-eabi/4.8.4/armv7-m\libgcc.a(_arm_fixsfsi.o)
                              ./src/uart.o (__aeabi_f2iz)
d:/arm/gnu tools arm embedded/4.8 2014q2/bin/../lib/gcc/arm-none-eabi/4.8.4/../../../../arm-none-eabi/lib/armv7-m\libg.a(lib_a-errno.o)
                              ./libs/misc/src/_sbrk.o (__errno)
d:/arm/gnu tools arm embedded/4.8 2014q2/bin/../lib/gcc/arm-none-eabi/4.8.4/../../../../arm-none-eabi/lib/armv7-m\libg.a(lib_a-impure.o)
                              d:/arm/gnu tools arm embedded/4.8 2014q2/bin/../lib/gcc/arm-none-eabi/4.8.4/../../../../arm-none-eabi/lib/armv7-m\libg.a(lib_a-errno.o) (_impure_ptr)

Allocating common symbols
Common symbol       size              file

Rx                  0x2               ./src/pomiar.o

Discarded input sections

 .group         0x00000000        0x8 ./src/ADXL343.o
 .group         0x00000000        0x8 ./src/ADXL343.o
 .group         0x00000000        0x8 ./src/ADXL343.o
 .group         0x00000000        0x8 ./src/ADXL343.o
 .group         0x00000000        0x8 ./src/ADXL343.o
 .group         0x00000000        0x8 ./src/ADXL343.o
 .group         0x00000000        0x8 ./src/ADXL343.o
 .group         0x00000000        0x8 ./src/ADXL343.o
 .group         0x00000000        0x8 ./src/ADXL343.o
 .group         0x00000000        0x8 ./src/ADXL343.o
 .group         0x00000000        0x8 ./src/ADXL343.o
 .group         0x00000000        0x8 ./src/ADXL343.o
 .group         0x00000000        0x8 ./src/ADXL343.o
 .group         0x00000000        0x8 ./src/ADXL343.o
 .group         0x00000000        0x8 ./src/ADXL343.o
 .group         0x00000000        0x8 ./src/ADXL343.o
 .group         0x00000000        0x8 ./src/ADXL343.o
 .group         0x00000000        0x8 ./src/ADXL343.o
 .group         0x00000000        0x8 ./src/ADXL343.o
 .group         0x00000000        0x8 ./src/ADXL343.o
 .group         0x00000000        0x8 ./src/ADXL343.o
 .group         0x00000000        0x8 ./src/ADXL343.o
 .group         0x00000000        0x8 ./src/ADXL343.o
 .group         0x00000000        0x8 ./src/ADXL343.o
 .group         0x00000000        0x8 ./src/ADXL343.o
 .group         0x00000000        0x8 ./src/ADXL343.o
 .group         0x00000000        0x8 ./src/ADXL343.o
 .group         0x00000000        0x8 ./src/ADXL343.o
 .group         0x00000000        0x8 ./src/ADXL343.o
 .group         0x00000000        0x8 ./src/ADXL343.o
 .group         0x00000000        0x8 ./src/ADXL343.o
 .group         0x00000000        0x8 ./src/ADXL343.o
 .text          0x00000000        0x0 ./src/ADXL343.o
 .data          0x00000000        0x0 ./src/ADXL343.o
 .bss           0x00000000        0x0 ./src/ADXL343.o
 .text.ADXL343_SpiRead
                0x00000000       0x1c ./src/ADXL343.o
 .text.ADXL343_SpiSend
                0x00000000       0x1c ./src/ADXL343.o
 .text.ADXL343_SpiStart
                0x00000000        0xc ./src/ADXL343.o
 .text.ADXL343_SpiStop
                0x00000000        0xc ./src/ADXL343.o
 .text.ADXL343_Init
                0x00000000       0x68 ./src/ADXL343.o
 .text.ADXL343_SetDataRate
                0x00000000       0x2c ./src/ADXL343.o
 .text.ADXL343_Read
                0x00000000       0x80 ./src/ADXL343.o
 .debug_info    0x00000000      0x258 ./src/ADXL343.o
 .debug_abbrev  0x00000000       0xf1 ./src/ADXL343.o
 .debug_aranges
                0x00000000       0x50 ./src/ADXL343.o
 .debug_ranges  0x00000000       0x40 ./src/ADXL343.o
 .debug_macro   0x00000000      0x17b ./src/ADXL343.o
 .debug_macro   0x00000000      0x85c ./src/ADXL343.o
 .debug_macro   0x00000000       0x16 ./src/ADXL343.o
 .debug_macro   0x00000000       0x44 ./src/ADXL343.o
 .debug_macro   0x00000000      0x209 ./src/ADXL343.o
 .debug_macro   0x00000000       0x50 ./src/ADXL343.o
 .debug_macro   0x00000000      0x6bd ./src/ADXL343.o
 .debug_macro   0x00000000     0x8853 ./src/ADXL343.o
 .debug_macro   0x00000000      0x2df ./src/ADXL343.o
 .debug_macro   0x00000000      0x144 ./src/ADXL343.o
 .debug_macro   0x00000000      0x3cf ./src/ADXL343.o
 .debug_macro   0x00000000       0xc8 ./src/ADXL343.o
 .debug_macro   0x00000000      0x17a ./src/ADXL343.o
 .debug_macro   0x00000000       0xac ./src/ADXL343.o
 .debug_macro   0x00000000      0x3ad ./src/ADXL343.o
 .debug_macro   0x00000000       0x9a ./src/ADXL343.o
 .debug_macro   0x00000000      0x2cf ./src/ADXL343.o
 .debug_macro   0x00000000      0x279 ./src/ADXL343.o
 .debug_macro   0x00000000      0x2ac ./src/ADXL343.o
 .debug_macro   0x00000000      0x2b1 ./src/ADXL343.o
 .debug_macro   0x00000000       0x64 ./src/ADXL343.o
 .debug_macro   0x00000000       0x82 ./src/ADXL343.o
[...]
Memory Configuration

Name             Origin             Length             Attributes
RAM              0x20000000         0x00010000         xrw
CCMRAM           0x00000000         0x00000000         xrw
FLASH            0x08000000         0x00040000         xr
FLASHB1          0x00000000         0x00000000         xr
EXTMEMB0         0x00000000         0x00000000         xr
EXTMEMB1         0x00000000         0x00000000         xr
EXTMEMB2         0x00000000         0x00000000         xr
EXTMEMB3         0x00000000         0x00000000         xr
MEMORY_ARRAY     0x00000000         0x00000000         xrw
*default*        0x00000000         0xffffffff

Linker script and memory map

LOAD ./src/ADXL343.o
LOAD ./src/LIS3DH.o
LOAD ./src/LM9DS0.o
LOAD ./src/MMA9551L.o
LOAD ./src/main.o
LOAD ./src/pomiar.o
LOAD ./src/spi.o
LOAD ./src/uart.o
LOAD ./libs/misc/src/_sbrk.o
LOAD ./libs/misc/src/_write.o
LOAD ./libs/misc/src/trace_impl.o
LOAD ./libs/StdPeriph/src/misc.o
LOAD ./libs/StdPeriph/src/stm32f10x_adc.o
LOAD ./libs/StdPeriph/src/stm32f10x_bkp.o
LOAD ./libs/StdPeriph/src/stm32f10x_can.o
LOAD ./libs/StdPeriph/src/stm32f10x_cec.o
LOAD ./libs/StdPeriph/src/stm32f10x_crc.o
LOAD ./libs/StdPeriph/src/stm32f10x_dac.o
LOAD ./libs/StdPeriph/src/stm32f10x_dbgmcu.o
LOAD ./libs/StdPeriph/src/stm32f10x_dma.o
LOAD ./libs/StdPeriph/src/stm32f10x_exti.o
LOAD ./libs/StdPeriph/src/stm32f10x_flash.o
LOAD ./libs/StdPeriph/src/stm32f10x_fsmc.o
LOAD ./libs/StdPeriph/src/stm32f10x_gpio.o
LOAD ./libs/StdPeriph/src/stm32f10x_i2c.o
LOAD ./libs/StdPeriph/src/stm32f10x_iwdg.o
LOAD ./libs/StdPeriph/src/stm32f10x_pwr.o
LOAD ./libs/StdPeriph/src/stm32f10x_rcc.o
LOAD ./libs/StdPeriph/src/stm32f10x_rtc.o
LOAD ./libs/StdPeriph/src/stm32f10x_sdio.o
LOAD ./libs/StdPeriph/src/stm32f10x_spi.o
LOAD ./libs/StdPeriph/src/stm32f10x_tim.o
LOAD ./libs/StdPeriph/src/stm32f10x_usart.o
LOAD ./libs/StdPeriph/src/stm32f10x_wwdg.o
LOAD ./libs/CMSIS/src/core_cm3.o
LOAD ./libs/CMSIS/src/startup_cm.o
LOAD ./libs/CMSIS/src/startup_stm32f10x.o
LOAD ./libs/CMSIS/src/system_stm32f10x.o
LOAD ./libs/CMSIS/src/vectors_stm32f10x.o
START GROUP
LOAD d:/arm/gnu tools arm embedded/4.8 2014q2/bin/../lib/gcc/arm-none-eabi/4.8.4/armv7-m\libgcc.a
LOAD d:/arm/gnu tools arm embedded/4.8 2014q2/bin/../lib/gcc/arm-none-eabi/4.8.4/../../../../arm-none-eabi/lib/armv7-m\libg.a
LOAD d:/arm/gnu tools arm embedded/4.8 2014q2/bin/../lib/gcc/arm-none-eabi/4.8.4/../../../../arm-none-eabi/lib/armv7-m\libc.a
END GROUP
START GROUP
LOAD d:/arm/gnu tools arm embedded/4.8 2014q2/bin/../lib/gcc/arm-none-eabi/4.8.4/armv7-m\libgcc.a
LOAD d:/arm/gnu tools arm embedded/4.8 2014q2/bin/../lib/gcc/arm-none-eabi/4.8.4/../../../../arm-none-eabi/lib/armv7-m\libg.a
LOAD d:/arm/gnu tools arm embedded/4.8 2014q2/bin/../lib/gcc/arm-none-eabi/4.8.4/../../../../arm-none-eabi/lib/armv7-m\libc.a
LOAD d:/arm/gnu tools arm embedded/4.8 2014q2/bin/../lib/gcc/arm-none-eabi/4.8.4/../../../../arm-none-eabi/lib/armv7-m\libm.a
LOAD d:/arm/gnu tools arm embedded/4.8 2014q2/bin/../lib/gcc/arm-none-eabi/4.8.4/../../../../arm-none-eabi/lib/armv7-m\libnosys.a
END GROUP
                0x20010000                __stack = (ORIGIN (RAM) + 0x10000)
                0x20010000                _estack = __stack
                0x00000400                __Main_Stack_Size = 0x400
                0x00000400                PROVIDE (_Main_Stack_Size, __Main_Stack_Size)
                0x2000fc00                __Main_Stack_Limit = (__stack - __Main_Stack_Size)
                0x2000fc00                PROVIDE (_Main_Stack_Limit, __Main_Stack_Limit)
                0x00000100                _Minimum_Stack_Size = 0x100
                0x20000024                PROVIDE (_Heap_Begin, _end_noinit)
                0x2000fc00                PROVIDE (_Heap_Limit, (__stack - _Main_Stack_Size))

.isr_vector     0x08000000      0x2c0
                0x08000000                . = ALIGN (0x4)
 *(.isr_vector)
 .isr_vector    0x08000000      0x1e4 ./libs/CMSIS/src/vectors_stm32f10x.o
                0x08000000                g_pfnVectors
 *(.after_vectors .after_vectors.*)
 .after_vectors
                0x080001e4       0x8c ./libs/CMSIS/src/startup_cm.o
                0x080001e4                Reset_Handler
                0x08000228                system_init
 .after_vectors
                0x08000270       0x50 ./libs/CMSIS/src/vectors_stm32f10x.o
                0x08000270                RTC_Alarm_IRQHandler
                0x08000270                EXTI2_IRQHandler
                0x08000270                TIM8_TRG_COM_IRQHandler
                0x08000270                TIM8_CC_IRQHandler
                0x08000270                DMA2_Channel3_IRQHandler
                0x08000270                TIM1_CC_IRQHandler
                0x08000270                USBWakeUp_IRQHandler
                0x08000270                TIM6_IRQHandler
                0x08000270                I2C1_ER_IRQHandler
                0x08000270                PVD_IRQHandler
                0x08000270                SDIO_IRQHandler
                0x08000270                SPI3_IRQHandler
                0x08000270                OTG_FS_IRQHandler
                0x08000270                CAN2_RX1_IRQHandler
                0x08000270                EXTI3_IRQHandler
                0x08000270                TIM8_TRG_COM_TIM14_IRQHandler
                0x08000270                TIM1_UP_TIM10_IRQHandler
                0x08000270                TIM8_UP_TIM13_IRQHandler
                0x08000270                EXTI0_IRQHandler
                0x08000270                I2C2_EV_IRQHandler
                0x08000270                CAN1_RX0_IRQHandler
                0x08000270                TIM1_UP_TIM16_IRQHandler
                0x08000270                USART1_IRQHandler
                0x08000270                CAN2_SCE_IRQHandler
                0x08000270                ADC1_2_IRQHandler
                0x08000270                SPI1_IRQHandler
                0x08000270                TAMPER_IRQHandler
                0x08000270                TIM6_DAC_IRQHandler
                0x08000270                TIM1_BRK_TIM9_IRQHandler
                0x08000270                CAN2_RX0_IRQHandler
                0x08000270                TIM8_UP_IRQHandler
                0x08000270                DMA2_Channel2_IRQHandler
                0x08000270                DMA1_Channel4_IRQHandler
                0x08000270                USART3_IRQHandler
                0x08000270                RTC_IRQHandler
                0x08000270                DMA1_Channel7_IRQHandler
                0x08000270                CAN1_RX1_IRQHandler
                0x08000270                UART5_IRQHandler
                0x08000270                ADC3_IRQHandler
                0x08000270                TIM4_IRQHandler
                0x08000270                DMA2_Channel1_IRQHandler
                0x08000270                I2C1_EV_IRQHandler
                0x08000270                DMA1_Channel6_IRQHandler
                0x08000270                UART4_IRQHandler
                0x08000270                DMA2_Channel4_IRQHandler
                0x08000270                TIM3_IRQHandler
                0x08000270                RCC_IRQHandler
                0x08000270                TIM8_BRK_TIM12_IRQHandler
                0x08000270                TIM1_TRG_COM_IRQHandler
                0x08000270                DMA1_Channel1_IRQHandler
                0x08000270                Default_Handler
                0x08000270                CEC_IRQHandler
                0x08000270                EXTI15_10_IRQHandler
                0x08000270                TIM14_IRQHandler
                0x08000270                TIM13_IRQHandler
                0x08000270                TIM12_IRQHandler
                0x08000270                TIM7_IRQHandler
                0x08000270                CAN2_TX_IRQHandler
                0x08000270                TIM5_IRQHandler
                0x08000270                EXTI9_5_IRQHandler
                0x08000270                ETH_WKUP_IRQHandler
                0x08000270                SPI2_IRQHandler
                0x08000270                FLASH_IRQHandler
                0x08000270                CAN1_TX_IRQHandler
                0x08000270                CAN1_SCE_IRQHandler
                0x08000270                DMA2_Channel5_IRQHandler
                0x08000270                DMA1_Channel5_IRQHandler
                0x08000270                EXTI4_IRQHandler
                0x08000270                USB_LP_CAN1_RX0_IRQHandler
                0x08000270                TIM1_TRG_COM_TIM17_IRQHandler
                0x08000270                USB_HP_CAN1_TX_IRQHandler
                0x08000270                DMA1_Channel3_IRQHandler
                0x08000270                FSMC_IRQHandler
                0x08000270                ETH_IRQHandler
                0x08000270                TIM1_UP_IRQHandler
                0x08000270                WWDG_IRQHandler
                0x08000270                TIM2_IRQHandler
                0x08000270                OTG_FS_WKUP_IRQHandler
                0x08000270                TIM1_TRG_COM_TIM11_IRQHandler
                0x08000270                TIM1_BRK_IRQHandler
                0x08000270                EXTI1_IRQHandler
                0x08000270                DMA2_Channel4_5_IRQHandler
                0x08000270                I2C2_ER_IRQHandler
                0x08000270                DMA1_Channel2_IRQHandler
                0x08000270                TIM8_BRK_IRQHandler
                0x08000270                TIM1_BRK_TIM15_IRQHandler
                0x08000278                NMI_Handler
                0x08000280                HardFault_Handler
                0x08000288                MemManage_Handler
                0x08000290                BusFault_Handler
                0x08000298                UsageFault_Handler
                0x080002a0                SVC_Handler
                0x080002a8                DebugMon_Handler
                0x080002b0                PendSV_Handler
                0x080002b8                SysTick_Handler
                0x080002c0                . = ALIGN (0x4)

._inits         0x080002c0        0x4
                0x080002c0                . = ALIGN (0x4)
 *(.init)
 *(.fini)
                0x080002c0                . = ALIGN (0x4)
                0x080002c0                PROVIDE (__preinit_array_start, .)
 *(.preinit_array_sysinit .preinit_array_sysinit.*)
 .preinit_array_sysinit
                0x080002c0        0x4 ./libs/CMSIS/src/startup_cm.o
                0x080002c0                p_system_init
 *(.preinit_array_platform .preinit_array_platform.*)
 *(.preinit_array .preinit_array.*)
                0x080002c4                PROVIDE (__preinit_array_end, .)
                0x080002c4                . = ALIGN (0x4)
                0x080002c4                PROVIDE (__init_array_start, .)
 *(SORT(.init_array.*))
 *(.init_array)
                0x080002c4                PROVIDE (__init_array_end, .)
                0x080002c4                . = ALIGN (0x4)
                0x080002c4                PROVIDE (__fini_array_start, .)
 *(SORT(.fini_array.*))
 *(.fini_array)
                0x080002c4                PROVIDE (__fini_array_end, .)
                0x080002c4                . = ALIGN (0x4)

.flashtext      0x080002c4        0x0
                0x080002c4                . = ALIGN (0x4)
 *(.flashtext .flashtext.*)
                0x080002c4                . = ALIGN (0x4)

.text           0x080002c4     0x1314
                0x080002c4                . = ALIGN (0x4)
 *(.text .text.*)
 .text.LSM9DS0_SPI_Init
                0x080002c4       0xf8 ./src/LM9DS0.o
 .text.LSM9DS0_SpiRead
                0x080003bc       0x4c ./src/LM9DS0.o
 .text.LSM9DS0_SpiSend
                0x08000408       0x48 ./src/LM9DS0.o
 .text.LSM9DS0_XM_SpiStart
                0x08000450       0x14 ./src/LM9DS0.o
 .text.LSM9DS0_G_SpiStart
                0x08000464       0x14 ./src/LM9DS0.o
 .text.LSM9DS0_XM_SpiStop
                0x08000478       0x14 ./src/LM9DS0.o
 .text.LSM9DS0_G_SpiStop
                0x0800048c       0x14 ./src/LM9DS0.o
 .text.LSM9DS0_Init
                0x080004a0      0x134 ./src/LM9DS0.o
                0x080004a0                LSM9DS0_Init
 .text.LSM9DS0_Magn_Read
                0x080005d4       0x70 ./src/LM9DS0.o
                0x080005d4                LSM9DS0_Magn_Read
 .text.main     0x08000644       0x70 ./src/main.o
                0x08000644                main
 .text.Periph_Initialize
                0x080006b4       0x10 ./src/main.o
                0x080006b4                Periph_Initialize
 .text.USART2_IRQHandler
                0x080006c4       0xa8 ./src/pomiar.o
                0x080006c4                USART2_IRQHandler
 .text.SPI_Init_CS
                0x0800076c       0x28 ./src/spi.o
                0x0800076c                SPI_Init_CS
 .text.SPI_StartTransmission
                0x08000794       0x14 ./src/spi.o
                0x08000794                SPI_StartTransmission
 .text.SPI_StopTransmission
                0x080007a8       0x14 ./src/spi.o
                0x080007a8                SPI_StopTransmission
 .text.UART_Initialize
                0x080007bc       0xa8 ./src/uart.o
                0x080007bc                UART_Initialize
 .text.UART_Send_int16
                0x08000864       0x68 ./src/uart.o
                0x08000864                UART_Send_int16
 .text.UART_Send_CRLF
                0x080008cc       0x3c ./src/uart.o
                0x080008cc                UART_Send_CRLF
 .text.sprintf_int
                0x08000908       0xd8 ./src/uart.o
                0x08000908                sprintf_int
 .text.NVIC_Init
                0x080009e0       0xc0 ./libs/StdPeriph/src/misc.o
                0x080009e0                NVIC_Init
 .text.GPIO_Init
                0x08000aa0      0x178 ./libs/StdPeriph/src/stm32f10x_gpio.o
                0x08000aa0                GPIO_Init
 .text.GPIO_WriteBit
                0x08000c18       0x30 ./libs/StdPeriph/src/stm32f10x_gpio.o
                0x08000c18                GPIO_WriteBit
 .text.RCC_GetClocksFreq
                0x08000c48      0x1c8 ./libs/StdPeriph/src/stm32f10x_rcc.o
                0x08000c48                RCC_GetClocksFreq
 .text.RCC_APB2PeriphClockCmd
                0x08000e10       0x3c ./libs/StdPeriph/src/stm32f10x_rcc.o
                0x08000e10                RCC_APB2PeriphClockCmd
 .text.RCC_APB1PeriphClockCmd
                0x08000e4c       0x3c ./libs/StdPeriph/src/stm32f10x_rcc.o
                0x08000e4c                RCC_APB1PeriphClockCmd
 .text.SPI_Init
                0x08000e88       0x88 ./libs/StdPeriph/src/stm32f10x_spi.o
                0x08000e88                SPI_Init
 .text.SPI_Cmd  0x08000f10       0x40 ./libs/StdPeriph/src/stm32f10x_spi.o
                0x08000f10                SPI_Cmd
 .text.SPI_I2S_SendData
                0x08000f50       0x1c ./libs/StdPeriph/src/stm32f10x_spi.o
                0x08000f50                SPI_I2S_SendData
 .text.SPI_I2S_ReceiveData
                0x08000f6c       0x1c ./libs/StdPeriph/src/stm32f10x_spi.o
                0x08000f6c                SPI_I2S_ReceiveData
 .text.SPI_I2S_GetFlagStatus
                0x08000f88       0x38 ./libs/StdPeriph/src/stm32f10x_spi.o
                0x08000f88                SPI_I2S_GetFlagStatus
 .text.USART_Init
                0x08000fc0      0x174 ./libs/StdPeriph/src/stm32f10x_usart.o
                0x08000fc0                USART_Init
 .text.USART_Cmd
                0x08001134       0x40 ./libs/StdPeriph/src/stm32f10x_usart.o
                0x08001134                USART_Cmd
 .text.USART_ITConfig
                0x08001174       0x90 ./libs/StdPeriph/src/stm32f10x_usart.o
                0x08001174                USART_ITConfig
 .text.USART_SendData
                0x08001204       0x24 ./libs/StdPeriph/src/stm32f10x_usart.o
                0x08001204                USART_SendData
 .text.USART_ReceiveData
                0x08001228       0x20 ./libs/StdPeriph/src/stm32f10x_usart.o
                0x08001228                USART_ReceiveData
 .text.USART_GetFlagStatus
                0x08001248       0x38 ./libs/StdPeriph/src/stm32f10x_usart.o
                0x08001248                USART_GetFlagStatus
 .text.USART_GetITStatus
                0x08001280       0xb0 ./libs/StdPeriph/src/stm32f10x_usart.o
                0x08001280                USART_GetITStatus
 .text.USART_ClearITPendingBit
                0x08001330       0x38 ./libs/StdPeriph/src/stm32f10x_usart.o
                0x08001330                USART_ClearITPendingBit
 .text.__libc_init_array
                0x08001368       0x6c ./libs/CMSIS/src/startup_cm.o
                0x08001368                __libc_init_array
 .text.__libc_fini_array
                0x080013d4       0x3c ./libs/CMSIS/src/startup_cm.o
                0x080013d4                __libc_fini_array
 .text._exit    0x08001410        0xc ./libs/CMSIS/src/startup_stm32f10x.o
                0x08001410                _exit
 .text.SystemInit
                0x0800141c       0x78 ./libs/CMSIS/src/system_stm32f10x.o
                0x0800141c                SystemInit
 .text.SetSysClock
                0x08001494        0xc ./libs/CMSIS/src/system_stm32f10x.o
 .text.SetSysClockTo72
                0x080014a0      0x138 ./libs/CMSIS/src/system_stm32f10x.o
 *(.rodata .rodata.*)
 *(.eh_frame*)
 *(.glue_7)
 .glue_7        0x00000000        0x0 linker stubs
 *(.glue_7t)
 .glue_7t       0x00000000        0x0 linker stubs

.vfp11_veneer   0x080015d8        0x0
 .vfp11_veneer  0x00000000        0x0 linker stubs

.v4_bx          0x080015d8        0x0
 .v4_bx         0x00000000        0x0 linker stubs

.iplt           0x080015d8        0x0
 .iplt          0x00000000        0x0 ./src/ADXL343.o

.rel.dyn        0x080015d8        0x0
 .rel.iplt      0x00000000        0x0 ./src/ADXL343.o

.ARM.extab
 *(.ARM.extab* .gnu.linkonce.armextab.*)
                0x080015d8                __exidx_start = .

.ARM.exidx
 *(.ARM.exidx* .gnu.linkonce.armexidx.*)
                0x080015d8                __exidx_end = .
                0x080015d8                . = ALIGN (0x4)
                0x080015d8                _etext = .
                0x080015d8                _sidata = _etext

.ROarraySection
 *(.ROarraySection .ROarraySection.*)

.data           0x20000000       0x1c load address 0x080015d8
                0x20000000                . = ALIGN (0x4)
                0x20000000                _sdata = .
                0x20000000                __data_start__ = .
 *(vtable)
 *(EXCLUDE_FILE(*rdimon-crt0.o) .data .data.*)
 .data.wyslano_koniec
                0x20000000        0x1 ./src/pomiar.o
                0x20000000                wyslano_koniec
 *fill*         0x20000001        0x3 
 .data.czas_pomiaru
                0x20000004        0x4 ./src/pomiar.o
                0x20000004                czas_pomiaru
 .data.APBAHBPrescTable
                0x20000008       0x10 ./libs/StdPeriph/src/stm32f10x_rcc.o
 .data.ADCPrescTable
                0x20000018        0x4 ./libs/StdPeriph/src/stm32f10x_rcc.o
                0x2000001c                . = ALIGN (0x4)
                0x2000001c                _edata = .
                0x2000001c                __data_end__ = .

.igot.plt       0x2000001c        0x0 load address 0x080015f4
 .igot.plt      0x00000000        0x0 ./src/ADXL343.o

.bss            0x2000001c        0x8 load address 0x080015f4
                0x2000001c                . = ALIGN (0x4)
 *rdimon-crt0.o(.data)
                0x2000001c                . = ALIGN (0x4)
                0x2000001c                __bss_start__ = .
                0x2000001c                _sbss = .
 *(.bss .bss.*)
 .bss.czas      0x2000001c        0x4 ./src/pomiar.o
                0x2000001c                czas
 .bss.pomiar_w_toku
                0x20000020        0x1 ./src/pomiar.o
                0x20000020                pomiar_w_toku
 *(COMMON)
 *fill*         0x20000021        0x1 
 COMMON         0x20000022        0x2 ./src/pomiar.o
                0x20000022                Rx
                0x20000024                . = ALIGN (0x4)
                0x20000024                __bss_end__ = .
                0x20000024                _ebss = .

.noinit         0x20000024        0x0
                0x20000024                . = ALIGN (0x4)
                0x20000024                _noinit = .
 *(.noinit .noinit.*)
                0x20000024                . = ALIGN (0x4)
                0x20000024                _end_noinit = .
                0x20000024                PROVIDE (end, _end_noinit)
                0x20000024                PROVIDE (_end, _end_noinit)
                0x20000024                PROVIDE (__end, _end_noinit)
                0x20000024                PROVIDE (__end__, _end_noinit)

._check_stack   0x20000024      0x100 load address 0x080015fc
                0x20000024                . = ALIGN (0x4)
                0x20000124                . = (. + _Minimum_Stack_Size)
 *fill*         0x20000024      0x100 
                0x20000124                . = ALIGN (0x4)

.bss_CCMRAM
 *(.bss.CCMRAM .bss.CCMRAM.*)

.b1text
 *(.b1text)
 *(.b1rodata)
 *(.b1rodata.*)

.eb0text
 *(.eb0text)
 *(.eb0rodata)
 *(.eb0rodata.*)

.eb1text
 *(.eb1text)
 *(.eb1rodata)
 *(.eb1rodata.*)

.eb2text
 *(.eb2text)
 *(.eb2rodata)
 *(.eb2rodata.*)

.eb3text
 *(.eb3text)
 *(.eb3rodata)
 *(.eb3rodata.*)

.stab
 *(.stab)

.stabstr
 *(.stabstr)

.stab.excl
 *(.stab.excl)

.stab.exclstr
 *(.stab.exclstr)

.stab.index
 *(.stab.index)

.stab.indexstr
 *(.stab.indexstr)

.comment        0x00000000       0x70
 *(.comment)
 .comment       0x00000000       0x70 ./src/LM9DS0.o
                                 0x71 (size before relaxing)
 .comment       0x00000000       0x71 ./src/main.o
 .comment       0x00000000       0x71 ./src/pomiar.o
 .comment       0x00000000       0x71 ./src/spi.o
 .comment       0x00000000       0x71 ./src/uart.o
 .comment       0x00000000       0x71 ./libs/StdPeriph/src/misc.o
 .comment       0x00000000       0x71 ./libs/StdPeriph/src/stm32f10x_gpio.o
 .comment       0x00000000       0x71 ./libs/StdPeriph/src/stm32f10x_rcc.o
 .comment       0x00000000       0x71 ./libs/StdPeriph/src/stm32f10x_spi.o
 .comment       0x00000000       0x71 ./libs/StdPeriph/src/stm32f10x_usart.o
 .comment       0x00000000       0x71 ./libs/CMSIS/src/startup_cm.o
 .comment       0x00000000       0x71 ./libs/CMSIS/src/startup_stm32f10x.o
 .comment       0x00000000       0x71 ./libs/CMSIS/src/system_stm32f10x.o
 .comment       0x00000000       0x71 ./libs/CMSIS/src/vectors_stm32f10x.o

.ARM.attributes
                0x00000000       0x33
 .ARM.attributes
                0x00000000       0x33 ./src/LM9DS0.o
 .ARM.attributes
                0x00000033       0x33 ./src/main.o
 .ARM.attributes
                0x00000066       0x33 ./src/pomiar.o
 .ARM.attributes
                0x00000099       0x33 ./src/spi.o
 .ARM.attributes
                0x000000cc       0x33 ./src/uart.o
 .ARM.attributes
                0x000000ff       0x33 ./libs/StdPeriph/src/misc.o
 .ARM.attributes
                0x00000132       0x33 ./libs/StdPeriph/src/stm32f10x_gpio.o
 .ARM.attributes
                0x00000165       0x33 ./libs/StdPeriph/src/stm32f10x_rcc.o
 .ARM.attributes
                0x00000198       0x33 ./libs/StdPeriph/src/stm32f10x_spi.o
 .ARM.attributes
                0x000001cb       0x33 ./libs/StdPeriph/src/stm32f10x_usart.o
 .ARM.attributes
                0x000001fe       0x33 ./libs/CMSIS/src/startup_cm.o
 .ARM.attributes
                0x00000231       0x33 ./libs/CMSIS/src/startup_stm32f10x.o
 .ARM.attributes
                0x00000264       0x33 ./libs/CMSIS/src/system_stm32f10x.o
 .ARM.attributes
                0x00000297       0x33 ./libs/CMSIS/src/vectors_stm32f10x.o

.debug
 *(.debug)

.line
 *(.line)

.debug_srcinfo
 *(.debug_srcinfo)

.debug_sfnames
 *(.debug_sfnames)

.debug_aranges  0x00000000      0x678
 *(.debug_aranges)
 .debug_aranges
                0x00000000       0x70 ./src/LM9DS0.o
 .debug_aranges
                0x00000070       0x30 ./src/main.o
 .debug_aranges
                0x000000a0       0x28 ./src/pomiar.o
 .debug_aranges
                0x000000c8       0x48 ./src/spi.o
 .debug_aranges
                0x00000110       0x58 ./src/uart.o
 .debug_aranges
                0x00000168       0x40 ./libs/StdPeriph/src/misc.o
 .debug_aranges
                0x000001a8       0xa8 ./libs/StdPeriph/src/stm32f10x_gpio.o
 .debug_aranges
                0x00000250      0x160 ./libs/StdPeriph/src/stm32f10x_rcc.o
 .debug_aranges
                0x000003b0       0xd0 ./libs/StdPeriph/src/stm32f10x_spi.o
 .debug_aranges
                0x00000480      0x100 ./libs/StdPeriph/src/stm32f10x_usart.o
 .debug_aranges
                0x00000580       0x38 ./libs/CMSIS/src/startup_cm.o
 .debug_aranges
                0x000005b8       0x20 ./libs/CMSIS/src/startup_stm32f10x.o
 .debug_aranges
                0x000005d8       0x38 ./libs/CMSIS/src/system_stm32f10x.o
 .debug_aranges
                0x00000610       0x68 ./libs/CMSIS/src/vectors_stm32f10x.o

.debug_pubnames
 *(.debug_pubnames)

.debug_info     0x00000000     0x493d
 *(.debug_info .gnu.linkonce.wi.*)
 .debug_info    0x00000000      0x5b1 ./src/LM9DS0.o
 .debug_info    0x000005b1      0x1c3 ./src/main.o
 .debug_info    0x00000774      0x2bc ./src/pomiar.o
 .debug_info    0x00000a30      0x4bf ./src/spi.o
 .debug_info    0x00000eef      0x77e ./src/uart.o
 .debug_info    0x0000166d      0x4f1 ./libs/StdPeriph/src/misc.o
 .debug_info    0x00001b5e      0x6d9 ./libs/StdPeriph/src/stm32f10x_gpio.o
 .debug_info    0x00002237      0xa85 ./libs/StdPeriph/src/stm32f10x_rcc.o
 .debug_info    0x00002cbc      0x99b ./libs/StdPeriph/src/stm32f10x_spi.o
 .debug_info    0x00003657      0x9da ./libs/StdPeriph/src/stm32f10x_usart.o
 .debug_info    0x00004031      0x29c ./libs/CMSIS/src/startup_cm.o
 .debug_info    0x000042cd       0xaa ./libs/CMSIS/src/startup_stm32f10x.o
 .debug_info    0x00004377      0x492 ./libs/CMSIS/src/system_stm32f10x.o
 .debug_info    0x00004809      0x134 ./libs/CMSIS/src/vectors_stm32f10x.o

.debug_abbrev   0x00000000     0x122f
 *(.debug_abbrev)
 .debug_abbrev  0x00000000      0x1b4 ./src/LM9DS0.o
 .debug_abbrev  0x000001b4       0xfa ./src/main.o
 .debug_abbrev  0x000002ae      0x129 ./src/pomiar.o
 .debug_abbrev  0x000003d7      0x156 ./src/spi.o
 .debug_abbrev  0x0000052d      0x18f ./src/uart.o
 .debug_abbrev  0x000006bc      0x159 ./libs/StdPeriph/src/misc.o
 .debug_abbrev  0x00000815      0x1cd ./libs/StdPeriph/src/stm32f10x_gpio.o
 .debug_abbrev  0x000009e2      0x1bf ./libs/StdPeriph/src/stm32f10x_rcc.o
 .debug_abbrev  0x00000ba1      0x183 ./libs/StdPeriph/src/stm32f10x_spi.o
 .debug_abbrev  0x00000d24      0x167 ./libs/StdPeriph/src/stm32f10x_usart.o
 .debug_abbrev  0x00000e8b      0x128 ./libs/CMSIS/src/startup_cm.o
 .debug_abbrev  0x00000fb3       0x6e ./libs/CMSIS/src/startup_stm32f10x.o
 .debug_abbrev  0x00001021      0x17c ./libs/CMSIS/src/system_stm32f10x.o
 .debug_abbrev  0x0000119d       0x92 ./libs/CMSIS/src/vectors_stm32f10x.o

.debug_line     0x00000000     0x41d7
 *(.debug_line)
 .debug_line    0x00000000      0x53d ./src/LM9DS0.o
 .debug_line    0x0000053d      0x513 ./src/main.o
 .debug_line    0x00000a50      0x4d0 ./src/pomiar.o
 .debug_line    0x00000f20      0x476 ./src/spi.o
 .debug_line    0x00001396      0x547 ./src/uart.o
 .debug_line    0x000018dd      0x434 ./libs/StdPeriph/src/misc.o
 .debug_line    0x00001d11      0x594 ./libs/StdPeriph/src/stm32f10x_gpio.o
 .debug_line    0x000022a5      0x75d ./libs/StdPeriph/src/stm32f10x_rcc.o
 .debug_line    0x00002a02      0x604 ./libs/StdPeriph/src/stm32f10x_spi.o
 .debug_line    0x00003006      0x66b ./libs/StdPeriph/src/stm32f10x_usart.o
 .debug_line    0x00003671      0x270 ./libs/CMSIS/src/startup_cm.o
 .debug_line    0x000038e1      0x3e5 ./libs/CMSIS/src/startup_stm32f10x.o
 .debug_line    0x00003cc6      0x47e ./libs/CMSIS/src/system_stm32f10x.o
 .debug_line    0x00004144       0x93 ./libs/CMSIS/src/vectors_stm32f10x.o

.debug_frame    0x00000000     0x132c
 *(.debug_frame)
 .debug_frame   0x00000000      0x160 ./src/LM9DS0.o
 .debug_frame   0x00000160       0x6c ./src/main.o
 .debug_frame   0x000001cc       0x4c ./src/pomiar.o
 .debug_frame   0x00000218       0xc8 ./src/spi.o
 .debug_frame   0x000002e0      0x100 ./src/uart.o
 .debug_frame   0x000003e0       0x9c ./libs/StdPeriph/src/misc.o
 .debug_frame   0x0000047c      0x210 ./libs/StdPeriph/src/stm32f10x_gpio.o
 .debug_frame   0x0000068c      0x484 ./libs/StdPeriph/src/stm32f10x_rcc.o
 .debug_frame   0x00000b10      0x29c ./libs/StdPeriph/src/stm32f10x_spi.o
 .debug_frame   0x00000dac      0x344 ./libs/StdPeriph/src/stm32f10x_usart.o
 .debug_frame   0x000010f0       0x90 ./libs/CMSIS/src/startup_cm.o
 .debug_frame   0x00001180       0x2c ./libs/CMSIS/src/startup_stm32f10x.o
 .debug_frame   0x000011ac       0x80 ./libs/CMSIS/src/system_stm32f10x.o
 .debug_frame   0x0000122c      0x100 ./libs/CMSIS/src/vectors_stm32f10x.o

.debug_str      0x00000000    0x57f07
 *(.debug_str)
 .debug_str     0x00000000    0x52eec ./src/LM9DS0.o
                              0x530a6 (size before relaxing)
 .debug_str     0x00052eec     0x259c ./src/main.o
                              0x55387 (size before relaxing)
 .debug_str     0x00055488       0x72 ./src/pomiar.o
                              0x54441 (size before relaxing)
 .debug_str     0x000554fa       0xba ./src/spi.o
                              0x52381 (size before relaxing)
 .debug_str     0x000555b4      0x566 ./src/uart.o
                              0x5278a (size before relaxing)
 .debug_str     0x00055b1a      0x1bf ./libs/StdPeriph/src/misc.o
                              0x51854 (size before relaxing)
 .debug_str     0x00055cd9      0x484 ./libs/StdPeriph/src/stm32f10x_gpio.o
                              0x51bcc (size before relaxing)
 .debug_str     0x0005615d      0xe3f ./libs/StdPeriph/src/stm32f10x_rcc.o
                              0x5256f (size before relaxing)
 .debug_str     0x00056f9c      0x505 ./libs/StdPeriph/src/stm32f10x_spi.o
                              0x51d19 (size before relaxing)
 .debug_str     0x000574a1      0x761 ./libs/StdPeriph/src/stm32f10x_usart.o
                              0x51edc (size before relaxing)
 .debug_str     0x00057c02      0x139 ./libs/CMSIS/src/startup_cm.o
                               0x34c3 (size before relaxing)
 .debug_str     0x00057d3b       0x2c ./libs/CMSIS/src/startup_stm32f10x.o
                              0x515d9 (size before relaxing)
 .debug_str     0x00057d67       0xc5 ./libs/CMSIS/src/system_stm32f10x.o
                              0x517be (size before relaxing)
 .debug_str     0x00057e2c       0xdb ./libs/CMSIS/src/vectors_stm32f10x.o
                               0x24ed (size before relaxing)

.debug_loc
 *(.debug_loc)

.debug_macinfo
 *(.debug_macinfo)

.debug_weaknames
 *(.debug_weaknames)

.debug_funcnames
 *(.debug_funcnames)

.debug_typenames
 *(.debug_typenames)

.debug_varnames
 *(.debug_varnames)
OUTPUT(STM32F105-akcelerometry.elf elf32-littlearm)

.debug_ranges   0x00000000      0x598
 .debug_ranges  0x00000000       0x60 ./src/LM9DS0.o
 .debug_ranges  0x00000060       0x20 ./src/main.o
 .debug_ranges  0x00000080       0x18 ./src/pomiar.o
 .debug_ranges  0x00000098       0x38 ./src/spi.o
 .debug_ranges  0x000000d0       0x48 ./src/uart.o
 .debug_ranges  0x00000118       0x30 ./libs/StdPeriph/src/misc.o
 .debug_ranges  0x00000148       0x98 ./libs/StdPeriph/src/stm32f10x_gpio.o
 .debug_ranges  0x000001e0      0x150 ./libs/StdPeriph/src/stm32f10x_rcc.o
 .debug_ranges  0x00000330       0xc0 ./libs/StdPeriph/src/stm32f10x_spi.o
 .debug_ranges  0x000003f0       0xf0 ./libs/StdPeriph/src/stm32f10x_usart.o
 .debug_ranges  0x000004e0       0x28 ./libs/CMSIS/src/startup_cm.o
 .debug_ranges  0x00000508       0x10 ./libs/CMSIS/src/startup_stm32f10x.o
 .debug_ranges  0x00000518       0x28 ./libs/CMSIS/src/system_stm32f10x.o
 .debug_ranges  0x00000540       0x58 ./libs/CMSIS/src/vectors_stm32f10x.o

.debug_macro    0x00000000     0x3543
 .debug_macro   0x00000000      0x17b ./src/LM9DS0.o
 .debug_macro   0x0000017b      0x2e2 ./src/LM9DS0.o
 .debug_macro   0x0000045d      0x264 ./src/main.o
 .debug_macro   0x000006c1       0x22 ./src/main.o
 .debug_macro   0x000006e3      0x69f ./src/main.o
 .debug_macro   0x00000d82      0x2c4 ./src/main.o
 .debug_macro   0x00001046       0x58 ./src/main.o
 .debug_macro   0x0000109e       0x35 ./src/main.o
 .debug_macro   0x000010d3       0xa3 ./src/main.o
 .debug_macro   0x00001176       0x16 ./src/main.o
 .debug_macro   0x0000118c       0x97 ./src/main.o
 .debug_macro   0x00001223       0x10 ./src/main.o
 .debug_macro   0x00001233       0xf6 ./src/main.o
 .debug_macro   0x00001329       0x52 ./src/main.o
 .debug_macro   0x0000137b       0x16 ./src/main.o
 .debug_macro   0x00001391       0x43 ./src/main.o
 .debug_macro   0x000013d4      0x180 ./src/main.o
 .debug_macro   0x00001554       0x10 ./src/main.o
 .debug_macro   0x00001564       0x22 ./src/main.o
 .debug_macro   0x00001586       0xbd ./src/main.o
 .debug_macro   0x00001643       0x16 ./src/main.o
 .debug_macro   0x00001659      0x16c ./src/main.o
 .debug_macro   0x000017c5      0x248 ./src/pomiar.o
 .debug_macro   0x00001a0d      0x177 ./src/spi.o
 .debug_macro   0x00001b84      0x177 ./src/uart.o
 .debug_macro   0x00001cfb      0x2a6 ./src/uart.o
 .debug_macro   0x00001fa1      0x16a ./libs/StdPeriph/src/misc.o
 .debug_macro   0x0000210b       0x85 ./libs/StdPeriph/src/misc.o
 .debug_macro   0x00002190      0x1b2 ./libs/StdPeriph/src/stm32f10x_gpio.o
 .debug_macro   0x00002342      0x2d9 ./libs/StdPeriph/src/stm32f10x_rcc.o
 .debug_macro   0x0000261b      0x5b4 ./libs/StdPeriph/src/stm32f10x_rcc.o
 .debug_macro   0x00002bcf      0x1ca ./libs/StdPeriph/src/stm32f10x_spi.o
 .debug_macro   0x00002d99      0x218 ./libs/StdPeriph/src/stm32f10x_usart.o
 .debug_macro   0x00002fb1      0x21a ./libs/StdPeriph/src/stm32f10x_usart.o
 .debug_macro   0x000031cb       0xa6 ./libs/CMSIS/src/startup_cm.o
 .debug_macro   0x00003271      0x15a ./libs/CMSIS/src/startup_stm32f10x.o
 .debug_macro   0x000033cb      0x167 ./libs/CMSIS/src/system_stm32f10x.o
 .debug_macro   0x00003532       0x11 ./libs/CMSIS/src/vectors_stm32f10x.o
