Archive member included because of file (symbol)

d:/arm/gnu tools arm embedded/4.8 2014q2/bin/../lib/gcc/arm-none-eabi/4.8.4/armv7-m\libgcc.a(_arm_muldivsf3.o)
                              ./src/uart.o (__aeabi_fmul)
d:/arm/gnu tools arm embedded/4.8 2014q2/bin/../lib/gcc/arm-none-eabi/4.8.4/armv7-m\libgcc.a(_arm_fixsfsi.o)
                              ./src/uart.o (__aeabi_f2iz)
d:/arm/gnu tools arm embedded/4.8 2014q2/bin/../lib/gcc/arm-none-eabi/4.8.4/../../../../arm-none-eabi/lib/armv7-m\libg.a(lib_a-errno.o)
                              ./libs/misc/src/_sbrk.o (__errno)
d:/arm/gnu tools arm embedded/4.8 2014q2/bin/../lib/gcc/arm-none-eabi/4.8.4/../../../../arm-none-eabi/lib/armv7-m\libg.a(lib_a-impure.o)
                              d:/arm/gnu tools arm embedded/4.8 2014q2/bin/../lib/gcc/arm-none-eabi/4.8.4/../../../../arm-none-eabi/lib/armv7-m\libg.a(lib_a-errno.o) (_impure_ptr)
d:/arm/gnu tools arm embedded/4.8 2014q2/bin/../lib/gcc/arm-none-eabi/4.8.4/../../../../arm-none-eabi/lib/armv7-m\libg.a(lib_a-malloc.o)
                              ./src/fifo.o (malloc)
d:/arm/gnu tools arm embedded/4.8 2014q2/bin/../lib/gcc/arm-none-eabi/4.8.4/../../../../arm-none-eabi/lib/armv7-m\libg.a(lib_a-mallocr.o)
                              d:/arm/gnu tools arm embedded/4.8 2014q2/bin/../lib/gcc/arm-none-eabi/4.8.4/../../../../arm-none-eabi/lib/armv7-m\libg.a(lib_a-malloc.o) (_malloc_r)
d:/arm/gnu tools arm embedded/4.8 2014q2/bin/../lib/gcc/arm-none-eabi/4.8.4/../../../../arm-none-eabi/lib/armv7-m\libg.a(lib_a-mlock.o)
                              d:/arm/gnu tools arm embedded/4.8 2014q2/bin/../lib/gcc/arm-none-eabi/4.8.4/../../../../arm-none-eabi/lib/armv7-m\libg.a(lib_a-mallocr.o) (__malloc_lock)
d:/arm/gnu tools arm embedded/4.8 2014q2/bin/../lib/gcc/arm-none-eabi/4.8.4/../../../../arm-none-eabi/lib/armv7-m\libg.a(lib_a-sbrkr.o)
                              d:/arm/gnu tools arm embedded/4.8 2014q2/bin/../lib/gcc/arm-none-eabi/4.8.4/../../../../arm-none-eabi/lib/armv7-m\libg.a(lib_a-mallocr.o) (_sbrk_r)
d:/arm/gnu tools arm embedded/4.8 2014q2/bin/../lib/gcc/arm-none-eabi/4.8.4/../../../../arm-none-eabi/lib/armv7-m\libg.a(lib_a-freer.o)
                              d:/arm/gnu tools arm embedded/4.8 2014q2/bin/../lib/gcc/arm-none-eabi/4.8.4/../../../../arm-none-eabi/lib/armv7-m\libg.a(lib_a-malloc.o) (_free_r)
d:/arm/gnu tools arm embedded/4.8 2014q2/bin/../lib/gcc/arm-none-eabi/4.8.4/../../../../arm-none-eabi/lib/armv7-m\libg.a(lib_a-reent.o)
                              d:/arm/gnu tools arm embedded/4.8 2014q2/bin/../lib/gcc/arm-none-eabi/4.8.4/../../../../arm-none-eabi/lib/armv7-m\libg.a(lib_a-sbrkr.o) (errno)

Allocating common symbols
Common symbol       size              file

errno               0x4               d:/arm/gnu tools arm embedded/4.8 2014q2/bin/../lib/gcc/arm-none-eabi/4.8.4/../../../../arm-none-eabi/lib/armv7-m\libg.a(lib_a-reent.o)
queue               0x4               ./src/pomiar.o
Rx                  0x2               ./src/pomiar.o
bufor               0xe10             ./src/pomiar.o

Discarded input sections

 .group         0x00000000        0x8 ./src/ADXL343.o
 .group         0x00000000        0x8 ./src/ADXL343.o
 .group         0x00000000        0x8 ./src/ADXL343.o
 .group         0x00000000        0x8 ./src/ADXL343.o
 .group         0x00000000        0x8 ./src/ADXL343.o
 .group         0x00000000        0x8 ./src/ADXL343.o
 .group         0x00000000        0x8 ./src/ADXL343.o
 .group         0x00000000        0x8 ./src/ADXL343.o
 .group         0x00000000        0x8 ./src/ADXL343.o
 .group         0x00000000        0x8 ./src/ADXL343.o
 .group         0x00000000        0x8 ./src/ADXL343.o
 .group         0x00000000        0x8 ./src/ADXL343.o
 .group         0x00000000        0x8 ./src/ADXL343.o
 .group         0x00000000        0x8 ./src/ADXL343.o
 .group         0x00000000        0x8 ./src/ADXL343.o
 .group         0x00000000        0x8 ./src/ADXL343.o
 .group         0x00000000        0x8 ./src/ADXL343.o
 .group         0x00000000        0x8 ./src/ADXL343.o
 .group         0x00000000        0x8 ./src/ADXL343.o
 .group         0x00000000        0x8 ./src/ADXL343.o
 .group         0x00000000        0x8 ./src/ADXL343.o
 .group         0x00000000        0x8 ./src/ADXL343.o
 .group         0x00000000        0x8 ./src/ADXL343.o
 .group         0x00000000        0x8 ./src/ADXL343.o
 .group         0x00000000        0x8 ./src/ADXL343.o
 .group         0x00000000        0x8 ./src/ADXL343.o
 .group         0x00000000        0x8 ./src/ADXL343.o
 .group         0x00000000        0x8 ./src/ADXL343.o
 .group         0x00000000        0x8 ./src/ADXL343.o
 .group         0x00000000        0x8 ./src/ADXL343.o
 .group         0x00000000        0x8 ./src/ADXL343.o
 .group         0x00000000        0x8 ./src/ADXL343.o
 .group         0x00000000        0x8 ./src/ADXL343.o
 .text          0x00000000        0x0 ./src/ADXL343.o
[...]
Memory Configuration

Name             Origin             Length             Attributes
RAM              0x20000000         0x00010000         xrw
CCMRAM           0x00000000         0x00000000         xrw
FLASH            0x08000000         0x00040000         xr
FLASHB1          0x00000000         0x00000000         xr
EXTMEMB0         0x00000000         0x00000000         xr
EXTMEMB1         0x00000000         0x00000000         xr
EXTMEMB2         0x00000000         0x00000000         xr
EXTMEMB3         0x00000000         0x00000000         xr
MEMORY_ARRAY     0x00000000         0x00000000         xrw
*default*        0x00000000         0xffffffff

Linker script and memory map

LOAD ./src/ADXL343.o
LOAD ./src/LIS3DH.o
LOAD ./src/LM9DS0.o
LOAD ./src/MMA9551L.o
LOAD ./src/fifo.o
LOAD ./src/fifo2.o
LOAD ./src/main.o
LOAD ./src/pomiar.o
LOAD ./src/spi.o
LOAD ./src/uart.o
LOAD ./libs/misc/src/_sbrk.o
LOAD ./libs/misc/src/_write.o
LOAD ./libs/misc/src/trace_impl.o
LOAD ./libs/StdPeriph/src/misc.o
LOAD ./libs/StdPeriph/src/stm32f10x_adc.o
LOAD ./libs/StdPeriph/src/stm32f10x_bkp.o
LOAD ./libs/StdPeriph/src/stm32f10x_can.o
LOAD ./libs/StdPeriph/src/stm32f10x_cec.o
LOAD ./libs/StdPeriph/src/stm32f10x_crc.o
LOAD ./libs/StdPeriph/src/stm32f10x_dac.o
LOAD ./libs/StdPeriph/src/stm32f10x_dbgmcu.o
LOAD ./libs/StdPeriph/src/stm32f10x_dma.o
LOAD ./libs/StdPeriph/src/stm32f10x_exti.o
LOAD ./libs/StdPeriph/src/stm32f10x_flash.o
LOAD ./libs/StdPeriph/src/stm32f10x_fsmc.o
LOAD ./libs/StdPeriph/src/stm32f10x_gpio.o
LOAD ./libs/StdPeriph/src/stm32f10x_i2c.o
LOAD ./libs/StdPeriph/src/stm32f10x_iwdg.o
LOAD ./libs/StdPeriph/src/stm32f10x_pwr.o
LOAD ./libs/StdPeriph/src/stm32f10x_rcc.o
LOAD ./libs/StdPeriph/src/stm32f10x_rtc.o
LOAD ./libs/StdPeriph/src/stm32f10x_sdio.o
LOAD ./libs/StdPeriph/src/stm32f10x_spi.o
LOAD ./libs/StdPeriph/src/stm32f10x_tim.o
LOAD ./libs/StdPeriph/src/stm32f10x_usart.o
LOAD ./libs/StdPeriph/src/stm32f10x_wwdg.o
LOAD ./libs/CMSIS/src/core_cm3.o
LOAD ./libs/CMSIS/src/startup_cm.o
LOAD ./libs/CMSIS/src/startup_stm32f10x.o
LOAD ./libs/CMSIS/src/system_stm32f10x.o
LOAD ./libs/CMSIS/src/vectors_stm32f10x.o
START GROUP
LOAD d:/arm/gnu tools arm embedded/4.8 2014q2/bin/../lib/gcc/arm-none-eabi/4.8.4/armv7-m\libgcc.a
LOAD d:/arm/gnu tools arm embedded/4.8 2014q2/bin/../lib/gcc/arm-none-eabi/4.8.4/../../../../arm-none-eabi/lib/armv7-m\libg.a
LOAD d:/arm/gnu tools arm embedded/4.8 2014q2/bin/../lib/gcc/arm-none-eabi/4.8.4/../../../../arm-none-eabi/lib/armv7-m\libc.a
END GROUP
START GROUP
LOAD d:/arm/gnu tools arm embedded/4.8 2014q2/bin/../lib/gcc/arm-none-eabi/4.8.4/armv7-m\libgcc.a
LOAD d:/arm/gnu tools arm embedded/4.8 2014q2/bin/../lib/gcc/arm-none-eabi/4.8.4/../../../../arm-none-eabi/lib/armv7-m\libg.a
LOAD d:/arm/gnu tools arm embedded/4.8 2014q2/bin/../lib/gcc/arm-none-eabi/4.8.4/../../../../arm-none-eabi/lib/armv7-m\libc.a
LOAD d:/arm/gnu tools arm embedded/4.8 2014q2/bin/../lib/gcc/arm-none-eabi/4.8.4/../../../../arm-none-eabi/lib/armv7-m\libm.a
LOAD d:/arm/gnu tools arm embedded/4.8 2014q2/bin/../lib/gcc/arm-none-eabi/4.8.4/../../../../arm-none-eabi/lib/armv7-m\libnosys.a
END GROUP
                0x20010000                __stack = (ORIGIN (RAM) + 0x10000)
                0x20010000                _estack = __stack
                0x00000400                __Main_Stack_Size = 0x400
                0x00000400                PROVIDE (_Main_Stack_Size, __Main_Stack_Size)
                0x2000fc00                __Main_Stack_Limit = (__stack - __Main_Stack_Size)
                0x2000fc00                PROVIDE (_Main_Stack_Limit, __Main_Stack_Limit)
                0x00000100                _Minimum_Stack_Size = 0x100
                0x200016c4                PROVIDE (_Heap_Begin, _end_noinit)
                0x2000fc00                PROVIDE (_Heap_Limit, (__stack - _Main_Stack_Size))

.isr_vector     0x08000000      0x2c0
                0x08000000                . = ALIGN (0x4)
 *(.isr_vector)
 .isr_vector    0x08000000      0x1e4 ./libs/CMSIS/src/vectors_stm32f10x.o
                0x08000000                g_pfnVectors
 *(.after_vectors .after_vectors.*)
 .after_vectors
                0x080001e4       0x8c ./libs/CMSIS/src/startup_cm.o
                0x080001e4                Reset_Handler
                0x08000228                system_init
 .after_vectors
                0x08000270       0x50 ./libs/CMSIS/src/vectors_stm32f10x.o
                0x08000270                RTC_Alarm_IRQHandler
                0x08000270                EXTI2_IRQHandler
                0x08000270                TIM8_TRG_COM_IRQHandler
                0x08000270                TIM8_CC_IRQHandler
                0x08000270                DMA2_Channel3_IRQHandler
                0x08000270                TIM1_CC_IRQHandler
                0x08000270                USBWakeUp_IRQHandler
                0x08000270                TIM6_IRQHandler
                0x08000270                PVD_IRQHandler
                0x08000270                SDIO_IRQHandler
                0x08000270                I2C1_ER_IRQHandler
                0x08000270                SPI3_IRQHandler
                0x08000270                CAN2_RX1_IRQHandler
                0x08000270                EXTI3_IRQHandler
                0x08000270                TIM8_TRG_COM_TIM14_IRQHandler
                0x08000270                TIM1_UP_TIM10_IRQHandler
                0x08000270                TIM8_UP_TIM13_IRQHandler
                0x08000270                EXTI0_IRQHandler
                0x08000270                I2C2_EV_IRQHandler
                0x08000270                CAN1_RX0_IRQHandler
                0x08000270                TIM1_UP_TIM16_IRQHandler
                0x08000270                OTG_FS_IRQHandler
                0x08000270                CAN2_SCE_IRQHandler
                0x08000270                ADC1_2_IRQHandler
                0x08000270                SPI1_IRQHandler
                0x08000270                TAMPER_IRQHandler
                0x08000270                TIM6_DAC_IRQHandler
                0x08000270                TIM1_BRK_TIM9_IRQHandler
                0x08000270                CAN2_RX0_IRQHandler
                0x08000270                TIM8_UP_IRQHandler
                0x08000270                DMA2_Channel2_IRQHandler
                0x08000270                DMA1_Channel4_IRQHandler
                0x08000270                USART3_IRQHandler
                0x08000270                RTC_IRQHandler
                0x08000270                CAN1_RX1_IRQHandler
                0x08000270                UART5_IRQHandler
                0x08000270                ADC3_IRQHandler
                0x08000270                TIM4_IRQHandler
                0x08000270                DMA2_Channel1_IRQHandler
                0x08000270                I2C1_EV_IRQHandler
                0x08000270                DMA1_Channel6_IRQHandler
                0x08000270                UART4_IRQHandler
                0x08000270                DMA2_Channel4_IRQHandler
                0x08000270                TIM3_IRQHandler
                0x08000270                RCC_IRQHandler
                0x08000270                TIM8_BRK_TIM12_IRQHandler
                0x08000270                TIM1_TRG_COM_IRQHandler
                0x08000270                DMA1_Channel1_IRQHandler
                0x08000270                Default_Handler
                0x08000270                CEC_IRQHandler
                0x08000270                EXTI15_10_IRQHandler
                0x08000270                TIM14_IRQHandler
                0x08000270                TIM13_IRQHandler
                0x08000270                TIM12_IRQHandler
                0x08000270                TIM7_IRQHandler
                0x08000270                CAN2_TX_IRQHandler
                0x08000270                TIM5_IRQHandler
                0x08000270                EXTI9_5_IRQHandler
                0x08000270                ETH_WKUP_IRQHandler
                0x08000270                SPI2_IRQHandler
                0x08000270                USART1_IRQHandler
                0x08000270                CAN1_TX_IRQHandler
                0x08000270                FLASH_IRQHandler
                0x08000270                DMA2_Channel5_IRQHandler
                0x08000270                DMA1_Channel5_IRQHandler
                0x08000270                EXTI4_IRQHandler
                0x08000270                USB_LP_CAN1_RX0_IRQHandler
                0x08000270                TIM1_TRG_COM_TIM17_IRQHandler
                0x08000270                USB_HP_CAN1_TX_IRQHandler
                0x08000270                DMA1_Channel3_IRQHandler
                0x08000270                FSMC_IRQHandler
                0x08000270                ETH_IRQHandler
                0x08000270                TIM1_UP_IRQHandler
                0x08000270                WWDG_IRQHandler
                0x08000270                TIM2_IRQHandler
                0x08000270                OTG_FS_WKUP_IRQHandler
                0x08000270                TIM1_TRG_COM_TIM11_IRQHandler
                0x08000270                TIM1_BRK_IRQHandler
                0x08000270                EXTI1_IRQHandler
                0x08000270                DMA2_Channel4_5_IRQHandler
                0x08000270                I2C2_ER_IRQHandler
                0x08000270                DMA1_Channel2_IRQHandler
                0x08000270                TIM8_BRK_IRQHandler
                0x08000270                CAN1_SCE_IRQHandler
                0x08000270                TIM1_BRK_TIM15_IRQHandler
                0x08000278                NMI_Handler
                0x08000280                HardFault_Handler
                0x08000288                MemManage_Handler
                0x08000290                BusFault_Handler
                0x08000298                UsageFault_Handler
                0x080002a0                SVC_Handler
                0x080002a8                DebugMon_Handler
                0x080002b0                PendSV_Handler
                0x080002c0                . = ALIGN (0x4)

._inits         0x080002c0        0x4
                0x080002c0                . = ALIGN (0x4)
 *(.init)
 *(.fini)
                0x080002c0                . = ALIGN (0x4)
                0x080002c0                PROVIDE (__preinit_array_start, .)
 *(.preinit_array_sysinit .preinit_array_sysinit.*)
 .preinit_array_sysinit
                0x080002c0        0x4 ./libs/CMSIS/src/startup_cm.o
                0x080002c0                p_system_init
 *(.preinit_array_platform .preinit_array_platform.*)
 *(.preinit_array .preinit_array.*)
                0x080002c4                PROVIDE (__preinit_array_end, .)
                0x080002c4                . = ALIGN (0x4)
                0x080002c4                PROVIDE (__init_array_start, .)
 *(SORT(.init_array.*))
 *(.init_array)
                0x080002c4                PROVIDE (__init_array_end, .)
                0x080002c4                . = ALIGN (0x4)
                0x080002c4                PROVIDE (__fini_array_start, .)
 *(SORT(.fini_array.*))
 *(.fini_array)
                0x080002c4                PROVIDE (__fini_array_end, .)
                0x080002c4                . = ALIGN (0x4)

.flashtext      0x080002c4        0x0
                0x080002c4                . = ALIGN (0x4)
 *(.flashtext .flashtext.*)
                0x080002c4                . = ALIGN (0x4)

.text           0x080002c4     0x1fe8
                0x080002c4                . = ALIGN (0x4)
 *(.text .text.*)
 .text.LIS3DH_SpiRead
                0x080002c4       0x1c ./src/LIS3DH.o
                0x080002c4                LIS3DH_SpiRead
 .text.LIS3DH_SpiSend
                0x080002e0       0x1c ./src/LIS3DH.o
                0x080002e0                LIS3DH_SpiSend
 .text.LIS3DH_SpiStart
                0x080002fc        0xc ./src/LIS3DH.o
                0x080002fc                LIS3DH_SpiStart
 .text.LIS3DH_SpiStop
                0x08000308        0xc ./src/LIS3DH.o
                0x08000308                LIS3DH_SpiStop
 .text.LIS3DH_Init
                0x08000314       0x70 ./src/LIS3DH.o
                0x08000314                LIS3DH_Init
 .text.LSM9DS0_SPI_Init
                0x08000384       0xf8 ./src/LM9DS0.o
 .text.LSM9DS0_SpiRead
                0x0800047c       0x4c ./src/LM9DS0.o
 .text.LSM9DS0_SpiSend
                0x080004c8       0x48 ./src/LM9DS0.o
 .text.LSM9DS0_XM_SpiStart
                0x08000510       0x14 ./src/LM9DS0.o
 .text.LSM9DS0_G_SpiStart
                0x08000524       0x14 ./src/LM9DS0.o
 .text.LSM9DS0_XM_SpiStop
                0x08000538       0x14 ./src/LM9DS0.o
 .text.LSM9DS0_G_SpiStop
                0x0800054c       0x14 ./src/LM9DS0.o
 .text.LSM9DS0_Init
                0x08000560      0x1f8 ./src/LM9DS0.o
                0x08000560                LSM9DS0_Init
 .text.queueAdd
                0x08000758       0x70 ./src/fifo.o
 .text.queueGetHead
                0x080007c8       0x64 ./src/fifo.o
 .text.queueGetLength
                0x0800082c       0x18 ./src/fifo.o
 .text.createQueue
                0x08000844       0x4c ./src/fifo.o
                0x08000844                createQueue
 .text.NVIC_SetPriority
                0x08000890       0x54 ./src/main.o
 .text.SysTick_Config
                0x080008e4       0x44 ./src/main.o
 .text.main     0x08000928       0xe8 ./src/main.o
                0x08000928                main
 .text.Periph_Initialize
                0x08000a10       0x1c ./src/main.o
                0x08000a10                Periph_Initialize
 .text.SysTick_Handler
                0x08000a2c       0x68 ./src/pomiar.o
                0x08000a2c                SysTick_Handler
 .text.DMA1_Channel7_IRQHandler
                0x08000a94       0x30 ./src/pomiar.o
                0x08000a94                DMA1_Channel7_IRQHandler
 .text.USART2_IRQHandler
                0x08000ac4       0xf0 ./src/pomiar.o
                0x08000ac4                USART2_IRQHandler
 .text.SPI_Initialize
                0x08000bb4       0xd0 ./src/spi.o
                0x08000bb4                SPI_Initialize
 .text.SPI_Init_CS
                0x08000c84       0x28 ./src/spi.o
                0x08000c84                SPI_Init_CS
 .text.SPI_StartTransmission
                0x08000cac       0x14 ./src/spi.o
                0x08000cac                SPI_StartTransmission
 .text.SPI_StopTransmission
                0x08000cc0       0x14 ./src/spi.o
                0x08000cc0                SPI_StopTransmission
 .text.SPI_Send
                0x08000cd4       0x48 ./src/spi.o
                0x08000cd4                SPI_Send
 .text.SPI_Read
                0x08000d1c       0x48 ./src/spi.o
                0x08000d1c                SPI_Read
 .text.UART_Initialize
                0x08000d64       0xd8 ./src/uart.o
                0x08000d64                UART_Initialize
 .text._sbrk    0x08000e3c       0x68 ./libs/misc/src/_sbrk.o
                0x08000e3c                _sbrk
 .text.NVIC_Init
                0x08000ea4       0xc0 ./libs/StdPeriph/src/misc.o
                0x08000ea4                NVIC_Init
 .text.GPIO_Init
                0x08000f64      0x178 ./libs/StdPeriph/src/stm32f10x_gpio.o
                0x08000f64                GPIO_Init
 .text.GPIO_WriteBit
                0x080010dc       0x30 ./libs/StdPeriph/src/stm32f10x_gpio.o
                0x080010dc                GPIO_WriteBit
 .text.RCC_GetClocksFreq
                0x0800110c      0x1c8 ./libs/StdPeriph/src/stm32f10x_rcc.o
                0x0800110c                RCC_GetClocksFreq
 .text.RCC_AHBPeriphClockCmd
                0x080012d4       0x3c ./libs/StdPeriph/src/stm32f10x_rcc.o
                0x080012d4                RCC_AHBPeriphClockCmd
 .text.RCC_APB2PeriphClockCmd
                0x08001310       0x3c ./libs/StdPeriph/src/stm32f10x_rcc.o
                0x08001310                RCC_APB2PeriphClockCmd
 .text.RCC_APB1PeriphClockCmd
                0x0800134c       0x3c ./libs/StdPeriph/src/stm32f10x_rcc.o
                0x0800134c                RCC_APB1PeriphClockCmd
 .text.SPI_Init
                0x08001388       0x88 ./libs/StdPeriph/src/stm32f10x_spi.o
                0x08001388                SPI_Init
 .text.SPI_Cmd  0x08001410       0x40 ./libs/StdPeriph/src/stm32f10x_spi.o
                0x08001410                SPI_Cmd
 .text.SPI_I2S_SendData
                0x08001450       0x1c ./libs/StdPeriph/src/stm32f10x_spi.o
                0x08001450                SPI_I2S_SendData
 .text.SPI_I2S_ReceiveData
                0x0800146c       0x1c ./libs/StdPeriph/src/stm32f10x_spi.o
                0x0800146c                SPI_I2S_ReceiveData
 .text.SPI_I2S_GetFlagStatus
                0x08001488       0x38 ./libs/StdPeriph/src/stm32f10x_spi.o
                0x08001488                SPI_I2S_GetFlagStatus
 .text.USART_Init
                0x080014c0      0x174 ./libs/StdPeriph/src/stm32f10x_usart.o
                0x080014c0                USART_Init
 .text.USART_Cmd
                0x08001634       0x40 ./libs/StdPeriph/src/stm32f10x_usart.o
                0x08001634                USART_Cmd
 .text.USART_ITConfig
                0x08001674       0x90 ./libs/StdPeriph/src/stm32f10x_usart.o
                0x08001674                USART_ITConfig
 .text.USART_SendData
                0x08001704       0x24 ./libs/StdPeriph/src/stm32f10x_usart.o
                0x08001704                USART_SendData
 .text.USART_ReceiveData
                0x08001728       0x20 ./libs/StdPeriph/src/stm32f10x_usart.o
                0x08001728                USART_ReceiveData
 .text.USART_GetFlagStatus
                0x08001748       0x38 ./libs/StdPeriph/src/stm32f10x_usart.o
                0x08001748                USART_GetFlagStatus
 .text.USART_GetITStatus
                0x08001780       0xb0 ./libs/StdPeriph/src/stm32f10x_usart.o
                0x08001780                USART_GetITStatus
 .text.USART_ClearITPendingBit
                0x08001830       0x38 ./libs/StdPeriph/src/stm32f10x_usart.o
                0x08001830                USART_ClearITPendingBit
 .text.__libc_init_array
                0x08001868       0x6c ./libs/CMSIS/src/startup_cm.o
                0x08001868                __libc_init_array
 .text.__libc_fini_array
                0x080018d4       0x3c ./libs/CMSIS/src/startup_cm.o
                0x080018d4                __libc_fini_array
 .text._exit    0x08001910        0xc ./libs/CMSIS/src/startup_stm32f10x.o
                0x08001910                _exit
 .text.SystemInit
                0x0800191c       0x78 ./libs/CMSIS/src/system_stm32f10x.o
                0x0800191c                SystemInit
 .text.SetSysClock
                0x08001994        0xc ./libs/CMSIS/src/system_stm32f10x.o
 .text.SetSysClockTo72
                0x080019a0      0x144 ./libs/CMSIS/src/system_stm32f10x.o
 .text.__errno  0x08001ae4        0xc d:/arm/gnu tools arm embedded/4.8 2014q2/bin/../lib/gcc/arm-none-eabi/4.8.4/../../../../arm-none-eabi/lib/armv7-m\libg.a(lib_a-errno.o)
                0x08001ae4                __errno
 .text.malloc   0x08001af0       0x10 d:/arm/gnu tools arm embedded/4.8 2014q2/bin/../lib/gcc/arm-none-eabi/4.8.4/../../../../arm-none-eabi/lib/armv7-m\libg.a(lib_a-malloc.o)
                0x08001af0                malloc
 .text.free     0x08001b00       0x10 d:/arm/gnu tools arm embedded/4.8 2014q2/bin/../lib/gcc/arm-none-eabi/4.8.4/../../../../arm-none-eabi/lib/armv7-m\libg.a(lib_a-malloc.o)
                0x08001b00                free
 .text._malloc_r
                0x08001b10      0x538 d:/arm/gnu tools arm embedded/4.8 2014q2/bin/../lib/gcc/arm-none-eabi/4.8.4/../../../../arm-none-eabi/lib/armv7-m\libg.a(lib_a-mallocr.o)
                0x08001b10                _malloc_r
 .text.__malloc_lock
                0x08002048        0x4 d:/arm/gnu tools arm embedded/4.8 2014q2/bin/../lib/gcc/arm-none-eabi/4.8.4/../../../../arm-none-eabi/lib/armv7-m\libg.a(lib_a-mlock.o)
                0x08002048                __malloc_lock
 .text.__malloc_unlock
                0x0800204c        0x4 d:/arm/gnu tools arm embedded/4.8 2014q2/bin/../lib/gcc/arm-none-eabi/4.8.4/../../../../arm-none-eabi/lib/armv7-m\libg.a(lib_a-mlock.o)
                0x0800204c                __malloc_unlock
 .text._sbrk_r  0x08002050       0x24 d:/arm/gnu tools arm embedded/4.8 2014q2/bin/../lib/gcc/arm-none-eabi/4.8.4/../../../../arm-none-eabi/lib/armv7-m\libg.a(lib_a-sbrkr.o)
                0x08002050                _sbrk_r
 .text._malloc_trim_r
                0x08002074       0x9c d:/arm/gnu tools arm embedded/4.8 2014q2/bin/../lib/gcc/arm-none-eabi/4.8.4/../../../../arm-none-eabi/lib/armv7-m\libg.a(lib_a-freer.o)
                0x08002074                _malloc_trim_r
 .text._free_r  0x08002110      0x198 d:/arm/gnu tools arm embedded/4.8 2014q2/bin/../lib/gcc/arm-none-eabi/4.8.4/../../../../arm-none-eabi/lib/armv7-m\libg.a(lib_a-freer.o)
                0x08002110                _free_r
 *(.rodata .rodata.*)
 .rodata.str1.4
                0x080022a8        0x4 d:/arm/gnu tools arm embedded/4.8 2014q2/bin/../lib/gcc/arm-none-eabi/4.8.4/../../../../arm-none-eabi/lib/armv7-m\libg.a(lib_a-impure.o)
 *(.eh_frame*)
 *(.glue_7)
 .glue_7        0x00000000        0x0 linker stubs
 *(.glue_7t)
 .glue_7t       0x00000000        0x0 linker stubs

.vfp11_veneer   0x080022ac        0x0
 .vfp11_veneer  0x00000000        0x0 linker stubs

.v4_bx          0x080022ac        0x0
 .v4_bx         0x00000000        0x0 linker stubs

.iplt           0x080022ac        0x0
 .iplt          0x00000000        0x0 ./src/ADXL343.o

.rel.dyn        0x080022ac        0x0
 .rel.iplt      0x00000000        0x0 ./src/ADXL343.o

.ARM.extab
 *(.ARM.extab* .gnu.linkonce.armextab.*)
                0x080022ac                __exidx_start = .

.ARM.exidx
 *(.ARM.exidx* .gnu.linkonce.armexidx.*)
                0x080022ac                __exidx_end = .
                0x080022ac                . = ALIGN (0x4)
                0x080022ac                _etext = .
                0x080022ac                _sidata = _etext

.ROarraySection
 *(.ROarraySection .ROarraySection.*)

.data           0x20000000      0x864 load address 0x080022ac
                0x20000000                . = ALIGN (0x4)
                0x20000000                _sdata = .
                0x20000000                __data_start__ = .
 *(vtable)
 *(EXCLUDE_FILE(*rdimon-crt0.o) .data .data.*)
 .data.wyslano_koniec
                0x20000000        0x1 ./src/pomiar.o
                0x20000000                wyslano_koniec
 .data.dma_wolne
                0x20000001        0x1 ./src/pomiar.o
                0x20000001                dma_wolne
 .data.wykonaj_pomiar
                0x20000002        0x1 ./src/pomiar.o
                0x20000002                wykonaj_pomiar
 *fill*         0x20000003        0x1 
 .data.buforEnd
                0x20000004        0x4 ./src/pomiar.o
                0x20000004                buforEnd
 .data.czas_pomiaru
                0x20000008        0x4 ./src/pomiar.o
                0x20000008                czas_pomiaru
 .data.APBAHBPrescTable
                0x2000000c       0x10 ./libs/StdPeriph/src/stm32f10x_rcc.o
 .data.ADCPrescTable
                0x2000001c        0x4 ./libs/StdPeriph/src/stm32f10x_rcc.o
 .data.SystemCoreClock
                0x20000020        0x4 ./libs/CMSIS/src/system_stm32f10x.o
                0x20000020                SystemCoreClock
 *fill*         0x20000024        0x4 
 .data.impure_data
                0x20000028      0x428 d:/arm/gnu tools arm embedded/4.8 2014q2/bin/../lib/gcc/arm-none-eabi/4.8.4/../../../../arm-none-eabi/lib/armv7-m\libg.a(lib_a-impure.o)
 .data._impure_ptr
                0x20000450        0x4 d:/arm/gnu tools arm embedded/4.8 2014q2/bin/../lib/gcc/arm-none-eabi/4.8.4/../../../../arm-none-eabi/lib/armv7-m\libg.a(lib_a-impure.o)
                0x20000450                _impure_ptr
 .data.__malloc_av_
                0x20000454      0x408 d:/arm/gnu tools arm embedded/4.8 2014q2/bin/../lib/gcc/arm-none-eabi/4.8.4/../../../../arm-none-eabi/lib/armv7-m\libg.a(lib_a-mallocr.o)
                0x20000454                __malloc_av_
 .data.__malloc_trim_threshold
                0x2000085c        0x4 d:/arm/gnu tools arm embedded/4.8 2014q2/bin/../lib/gcc/arm-none-eabi/4.8.4/../../../../arm-none-eabi/lib/armv7-m\libg.a(lib_a-mallocr.o)
                0x2000085c                __malloc_trim_threshold
 .data.__malloc_sbrk_base
                0x20000860        0x4 d:/arm/gnu tools arm embedded/4.8 2014q2/bin/../lib/gcc/arm-none-eabi/4.8.4/../../../../arm-none-eabi/lib/armv7-m\libg.a(lib_a-mallocr.o)
                0x20000860                __malloc_sbrk_base
                0x20000864                . = ALIGN (0x4)
                0x20000864                _edata = .
                0x20000864                __data_end__ = .

.igot.plt       0x20000864        0x0 load address 0x08002b10
 .igot.plt      0x00000000        0x0 ./src/ADXL343.o

.bss            0x20000864      0xe60 load address 0x08002b10
                0x20000864                . = ALIGN (0x4)
 *rdimon-crt0.o(.data)
                0x20000864                . = ALIGN (0x4)
                0x20000864                __bss_start__ = .
                0x20000864                _sbss = .
 *(.bss .bss.*)
 .bss.czas      0x20000864        0x4 ./src/pomiar.o
                0x20000864                czas
 .bss.pomiar_w_toku
                0x20000868        0x1 ./src/pomiar.o
                0x20000868                pomiar_w_toku
 *fill*         0x20000869        0x1 
 .bss.index     0x2000086a        0x2 ./src/pomiar.o
                0x2000086a                index
 .bss.linieOdebrane
                0x2000086c        0x4 ./src/pomiar.o
                0x2000086c                linieOdebrane
 .bss.current_heap_end.4287
                0x20000870        0x4 ./libs/misc/src/_sbrk.o
 .bss.__malloc_max_total_mem
                0x20000874        0x4 d:/arm/gnu tools arm embedded/4.8 2014q2/bin/../lib/gcc/arm-none-eabi/4.8.4/../../../../arm-none-eabi/lib/armv7-m\libg.a(lib_a-mallocr.o)
                0x20000874                __malloc_max_total_mem
 .bss.__malloc_max_sbrked_mem
                0x20000878        0x4 d:/arm/gnu tools arm embedded/4.8 2014q2/bin/../lib/gcc/arm-none-eabi/4.8.4/../../../../arm-none-eabi/lib/armv7-m\libg.a(lib_a-mallocr.o)
                0x20000878                __malloc_max_sbrked_mem
 .bss.__malloc_top_pad
                0x2000087c        0x4 d:/arm/gnu tools arm embedded/4.8 2014q2/bin/../lib/gcc/arm-none-eabi/4.8.4/../../../../arm-none-eabi/lib/armv7-m\libg.a(lib_a-mallocr.o)
                0x2000087c                __malloc_top_pad
 .bss.__malloc_current_mallinfo
                0x20000880       0x28 d:/arm/gnu tools arm embedded/4.8 2014q2/bin/../lib/gcc/arm-none-eabi/4.8.4/../../../../arm-none-eabi/lib/armv7-m\libg.a(lib_a-mallocr.o)
                0x20000880                __malloc_current_mallinfo
 *(COMMON)
 COMMON         0x200008a8      0xe18 ./src/pomiar.o
                0x200008a8                queue
                0x200008ac                Rx
                0x200008b0                bufor
 COMMON         0x200016c0        0x4 d:/arm/gnu tools arm embedded/4.8 2014q2/bin/../lib/gcc/arm-none-eabi/4.8.4/../../../../arm-none-eabi/lib/armv7-m\libg.a(lib_a-reent.o)
                0x200016c0                errno
                0x200016c4                . = ALIGN (0x4)
                0x200016c4                __bss_end__ = .
                0x200016c4                _ebss = .

.noinit         0x200016c4        0x0
                0x200016c4                . = ALIGN (0x4)
                0x200016c4                _noinit = .
 *(.noinit .noinit.*)
                0x200016c4                . = ALIGN (0x4)
                0x200016c4                _end_noinit = .
                0x200016c4                PROVIDE (end, _end_noinit)
                0x200016c4                PROVIDE (_end, _end_noinit)
                0x200016c4                PROVIDE (__end, _end_noinit)
                0x200016c4                PROVIDE (__end__, _end_noinit)

._check_stack   0x200016c4      0x100 load address 0x08003970
                0x200016c4                . = ALIGN (0x4)
                0x200017c4                . = (. + _Minimum_Stack_Size)
 *fill*         0x200016c4      0x100 
                0x200017c4                . = ALIGN (0x4)

.bss_CCMRAM
 *(.bss.CCMRAM .bss.CCMRAM.*)

.b1text
 *(.b1text)
 *(.b1rodata)
 *(.b1rodata.*)

.eb0text
 *(.eb0text)
 *(.eb0rodata)
 *(.eb0rodata.*)

.eb1text
 *(.eb1text)
 *(.eb1rodata)
 *(.eb1rodata.*)

.eb2text
 *(.eb2text)
 *(.eb2rodata)
 *(.eb2rodata.*)

.eb3text
 *(.eb3text)
 *(.eb3rodata)
 *(.eb3rodata.*)

.stab
 *(.stab)

.stabstr
 *(.stabstr)

.stab.excl
 *(.stab.excl)

.stab.exclstr
 *(.stab.exclstr)

.stab.index
 *(.stab.index)

.stab.indexstr
 *(.stab.indexstr)

.comment        0x00000000       0x70
 *(.comment)
 .comment       0x00000000       0x70 ./src/LIS3DH.o
                                 0x71 (size before relaxing)
 .comment       0x00000000       0x71 ./src/LM9DS0.o
 .comment       0x00000000       0x71 ./src/fifo.o
 .comment       0x00000000       0x71 ./src/main.o
 .comment       0x00000000       0x71 ./src/pomiar.o
 .comment       0x00000000       0x71 ./src/spi.o
 .comment       0x00000000       0x71 ./src/uart.o
 .comment       0x00000000       0x71 ./libs/misc/src/_sbrk.o
 .comment       0x00000000       0x71 ./libs/StdPeriph/src/misc.o
 .comment       0x00000000       0x71 ./libs/StdPeriph/src/stm32f10x_gpio.o
 .comment       0x00000000       0x71 ./libs/StdPeriph/src/stm32f10x_rcc.o
 .comment       0x00000000       0x71 ./libs/StdPeriph/src/stm32f10x_spi.o
 .comment       0x00000000       0x71 ./libs/StdPeriph/src/stm32f10x_usart.o
 .comment       0x00000000       0x71 ./libs/CMSIS/src/startup_cm.o
 .comment       0x00000000       0x71 ./libs/CMSIS/src/startup_stm32f10x.o
 .comment       0x00000000       0x71 ./libs/CMSIS/src/system_stm32f10x.o
 .comment       0x00000000       0x71 ./libs/CMSIS/src/vectors_stm32f10x.o

.ARM.attributes
                0x00000000       0x33
 .ARM.attributes
                0x00000000       0x33 ./src/LIS3DH.o
 .ARM.attributes
                0x00000033       0x33 ./src/LM9DS0.o
 .ARM.attributes
                0x00000066       0x33 ./src/fifo.o
 .ARM.attributes
                0x00000099       0x33 ./src/main.o
 .ARM.attributes
                0x000000cc       0x33 ./src/pomiar.o
 .ARM.attributes
                0x000000ff       0x33 ./src/spi.o
 .ARM.attributes
                0x00000132       0x33 ./src/uart.o
 .ARM.attributes
                0x00000165       0x33 ./libs/misc/src/_sbrk.o
 .ARM.attributes
                0x00000198       0x33 ./libs/StdPeriph/src/misc.o
 .ARM.attributes
                0x000001cb       0x33 ./libs/StdPeriph/src/stm32f10x_gpio.o
 .ARM.attributes
                0x000001fe       0x33 ./libs/StdPeriph/src/stm32f10x_rcc.o
 .ARM.attributes
                0x00000231       0x33 ./libs/StdPeriph/src/stm32f10x_spi.o
 .ARM.attributes
                0x00000264       0x33 ./libs/StdPeriph/src/stm32f10x_usart.o
 .ARM.attributes
                0x00000297       0x33 ./libs/CMSIS/src/startup_cm.o
 .ARM.attributes
                0x000002ca       0x33 ./libs/CMSIS/src/startup_stm32f10x.o
 .ARM.attributes
                0x000002fd       0x33 ./libs/CMSIS/src/system_stm32f10x.o
 .ARM.attributes
                0x00000330       0x33 ./libs/CMSIS/src/vectors_stm32f10x.o
 .ARM.attributes
                0x00000363       0x2d d:/arm/gnu tools arm embedded/4.8 2014q2/bin/../lib/gcc/arm-none-eabi/4.8.4/../../../../arm-none-eabi/lib/armv7-m\libg.a(lib_a-errno.o)
 .ARM.attributes
                0x00000390       0x2d d:/arm/gnu tools arm embedded/4.8 2014q2/bin/../lib/gcc/arm-none-eabi/4.8.4/../../../../arm-none-eabi/lib/armv7-m\libg.a(lib_a-impure.o)
 .ARM.attributes
                0x000003bd       0x2d d:/arm/gnu tools arm embedded/4.8 2014q2/bin/../lib/gcc/arm-none-eabi/4.8.4/../../../../arm-none-eabi/lib/armv7-m\libg.a(lib_a-malloc.o)
 .ARM.attributes
                0x000003ea       0x2d d:/arm/gnu tools arm embedded/4.8 2014q2/bin/../lib/gcc/arm-none-eabi/4.8.4/../../../../arm-none-eabi/lib/armv7-m\libg.a(lib_a-mallocr.o)
 .ARM.attributes
                0x00000417       0x2d d:/arm/gnu tools arm embedded/4.8 2014q2/bin/../lib/gcc/arm-none-eabi/4.8.4/../../../../arm-none-eabi/lib/armv7-m\libg.a(lib_a-mlock.o)
 .ARM.attributes
                0x00000444       0x2d d:/arm/gnu tools arm embedded/4.8 2014q2/bin/../lib/gcc/arm-none-eabi/4.8.4/../../../../arm-none-eabi/lib/armv7-m\libg.a(lib_a-sbrkr.o)
 .ARM.attributes
                0x00000471       0x2d d:/arm/gnu tools arm embedded/4.8 2014q2/bin/../lib/gcc/arm-none-eabi/4.8.4/../../../../arm-none-eabi/lib/armv7-m\libg.a(lib_a-freer.o)
 .ARM.attributes
                0x0000049e       0x2d d:/arm/gnu tools arm embedded/4.8 2014q2/bin/../lib/gcc/arm-none-eabi/4.8.4/../../../../arm-none-eabi/lib/armv7-m\libg.a(lib_a-reent.o)

.debug
 *(.debug)

.line
 *(.line)

.debug_srcinfo
 *(.debug_srcinfo)

.debug_sfnames
 *(.debug_sfnames)

.debug_aranges  0x00000000      0x780
 *(.debug_aranges)
 .debug_aranges
                0x00000000       0x48 ./src/LIS3DH.o
 .debug_aranges
                0x00000048       0x70 ./src/LM9DS0.o
 .debug_aranges
                0x000000b8       0x40 ./src/fifo.o
 .debug_aranges
                0x000000f8       0x50 ./src/main.o
 .debug_aranges
                0x00000148       0x50 ./src/pomiar.o
 .debug_aranges
                0x00000198       0x48 ./src/spi.o
 .debug_aranges
                0x000001e0       0x70 ./src/uart.o
 .debug_aranges
                0x00000250       0x20 ./libs/misc/src/_sbrk.o
 .debug_aranges
                0x00000270       0x40 ./libs/StdPeriph/src/misc.o
 .debug_aranges
                0x000002b0       0xa8 ./libs/StdPeriph/src/stm32f10x_gpio.o
 .debug_aranges
                0x00000358      0x160 ./libs/StdPeriph/src/stm32f10x_rcc.o
 .debug_aranges
                0x000004b8       0xd0 ./libs/StdPeriph/src/stm32f10x_spi.o
 .debug_aranges
                0x00000588      0x100 ./libs/StdPeriph/src/stm32f10x_usart.o
 .debug_aranges
                0x00000688       0x38 ./libs/CMSIS/src/startup_cm.o
 .debug_aranges
                0x000006c0       0x20 ./libs/CMSIS/src/startup_stm32f10x.o
 .debug_aranges
                0x000006e0       0x38 ./libs/CMSIS/src/system_stm32f10x.o
 .debug_aranges
                0x00000718       0x68 ./libs/CMSIS/src/vectors_stm32f10x.o

.debug_pubnames
 *(.debug_pubnames)

.debug_info     0x00000000     0x5b72
 *(.debug_info .gnu.linkonce.wi.*)
 .debug_info    0x00000000      0x1c3 ./src/LIS3DH.o
 .debug_info    0x000001c3      0x5bd ./src/LM9DS0.o
 .debug_info    0x00000780      0x33d ./src/fifo.o
 .debug_info    0x00000abd      0x98f ./src/main.o
 .debug_info    0x0000144c      0x654 ./src/pomiar.o
 .debug_info    0x00001aa0      0x4bf ./src/spi.o
 .debug_info    0x00001f5f      0x823 ./src/uart.o
 .debug_info    0x00002782      0x109 ./libs/misc/src/_sbrk.o
 .debug_info    0x0000288b      0x4f1 ./libs/StdPeriph/src/misc.o
 .debug_info    0x00002d7c      0x6d9 ./libs/StdPeriph/src/stm32f10x_gpio.o
 .debug_info    0x00003455      0xa85 ./libs/StdPeriph/src/stm32f10x_rcc.o
 .debug_info    0x00003eda      0x99b ./libs/StdPeriph/src/stm32f10x_spi.o
 .debug_info    0x00004875      0x9da ./libs/StdPeriph/src/stm32f10x_usart.o
 .debug_info    0x0000524f      0x29c ./libs/CMSIS/src/startup_cm.o
 .debug_info    0x000054eb       0xaa ./libs/CMSIS/src/startup_stm32f10x.o
 .debug_info    0x00005595      0x4a9 ./libs/CMSIS/src/system_stm32f10x.o
 .debug_info    0x00005a3e      0x134 ./libs/CMSIS/src/vectors_stm32f10x.o

.debug_abbrev   0x00000000     0x17b8
 *(.debug_abbrev)
 .debug_abbrev  0x00000000       0xf5 ./src/LIS3DH.o
 .debug_abbrev  0x000000f5      0x1b4 ./src/LM9DS0.o
 .debug_abbrev  0x000002a9      0x175 ./src/fifo.o
 .debug_abbrev  0x0000041e      0x26e ./src/main.o
 .debug_abbrev  0x0000068c      0x214 ./src/pomiar.o
 .debug_abbrev  0x000008a0      0x156 ./src/spi.o
 .debug_abbrev  0x000009f6      0x1b8 ./src/uart.o
 .debug_abbrev  0x00000bae       0x8e ./libs/misc/src/_sbrk.o
 .debug_abbrev  0x00000c3c      0x159 ./libs/StdPeriph/src/misc.o
 .debug_abbrev  0x00000d95      0x1cd ./libs/StdPeriph/src/stm32f10x_gpio.o
 .debug_abbrev  0x00000f62      0x1bf ./libs/StdPeriph/src/stm32f10x_rcc.o
 .debug_abbrev  0x00001121      0x183 ./libs/StdPeriph/src/stm32f10x_spi.o
 .debug_abbrev  0x000012a4      0x167 ./libs/StdPeriph/src/stm32f10x_usart.o
 .debug_abbrev  0x0000140b      0x128 ./libs/CMSIS/src/startup_cm.o
 .debug_abbrev  0x00001533       0x6e ./libs/CMSIS/src/startup_stm32f10x.o
 .debug_abbrev  0x000015a1      0x185 ./libs/CMSIS/src/system_stm32f10x.o
 .debug_abbrev  0x00001726       0x92 ./libs/CMSIS/src/vectors_stm32f10x.o

.debug_line     0x00000000     0x4ca2
 *(.debug_line)
 .debug_line    0x00000000      0x46f ./src/LIS3DH.o
 .debug_line    0x0000046f      0x5bf ./src/LM9DS0.o
 .debug_line    0x00000a2e      0x214 ./src/fifo.o
 .debug_line    0x00000c42      0x5a8 ./src/main.o
 .debug_line    0x000011ea      0x57d ./src/pomiar.o
 .debug_line    0x00001767      0x483 ./src/spi.o
 .debug_line    0x00001bea      0x5a0 ./src/uart.o
 .debug_line    0x0000218a      0x220 ./libs/misc/src/_sbrk.o
 .debug_line    0x000023aa      0x434 ./libs/StdPeriph/src/misc.o
 .debug_line    0x000027de      0x594 ./libs/StdPeriph/src/stm32f10x_gpio.o
 .debug_line    0x00002d72      0x75d ./libs/StdPeriph/src/stm32f10x_rcc.o
 .debug_line    0x000034cf      0x604 ./libs/StdPeriph/src/stm32f10x_spi.o
 .debug_line    0x00003ad3      0x66b ./libs/StdPeriph/src/stm32f10x_usart.o
 .debug_line    0x0000413e      0x270 ./libs/CMSIS/src/startup_cm.o
 .debug_line    0x000043ae      0x3e5 ./libs/CMSIS/src/startup_stm32f10x.o
 .debug_line    0x00004793      0x47c ./libs/CMSIS/src/system_stm32f10x.o
 .debug_line    0x00004c0f       0x93 ./libs/CMSIS/src/vectors_stm32f10x.o

.debug_frame    0x00000000     0x17ac
 *(.debug_frame)
 .debug_frame   0x00000000       0xc8 ./src/LIS3DH.o
 .debug_frame   0x000000c8      0x160 ./src/LM9DS0.o
 .debug_frame   0x00000228       0xac ./src/fifo.o
 .debug_frame   0x000002d4       0xdc ./src/main.o
 .debug_frame   0x000003b0       0xdc ./src/pomiar.o
 .debug_frame   0x0000048c       0xc8 ./src/spi.o
 .debug_frame   0x00000554      0x160 ./src/uart.o
 .debug_frame   0x000006b4       0x30 ./libs/misc/src/_sbrk.o
 .debug_frame   0x000006e4       0x9c ./libs/StdPeriph/src/misc.o
 .debug_frame   0x00000780      0x210 ./libs/StdPeriph/src/stm32f10x_gpio.o
 .debug_frame   0x00000990      0x484 ./libs/StdPeriph/src/stm32f10x_rcc.o
 .debug_frame   0x00000e14      0x29c ./libs/StdPeriph/src/stm32f10x_spi.o
 .debug_frame   0x000010b0      0x344 ./libs/StdPeriph/src/stm32f10x_usart.o
 .debug_frame   0x000013f4       0x90 ./libs/CMSIS/src/startup_cm.o
 .debug_frame   0x00001484       0x2c ./libs/CMSIS/src/startup_stm32f10x.o
 .debug_frame   0x000014b0       0x80 ./libs/CMSIS/src/system_stm32f10x.o
 .debug_frame   0x00001530      0x100 ./libs/CMSIS/src/vectors_stm32f10x.o
 .debug_frame   0x00001630       0x20 d:/arm/gnu tools arm embedded/4.8 2014q2/bin/../lib/gcc/arm-none-eabi/4.8.4/../../../../arm-none-eabi/lib/armv7-m\libg.a(lib_a-errno.o)
 .debug_frame   0x00001650       0x30 d:/arm/gnu tools arm embedded/4.8 2014q2/bin/../lib/gcc/arm-none-eabi/4.8.4/../../../../arm-none-eabi/lib/armv7-m\libg.a(lib_a-malloc.o)
 .debug_frame   0x00001680       0x38 d:/arm/gnu tools arm embedded/4.8 2014q2/bin/../lib/gcc/arm-none-eabi/4.8.4/../../../../arm-none-eabi/lib/armv7-m\libg.a(lib_a-mallocr.o)
 .debug_frame   0x000016b8       0x30 d:/arm/gnu tools arm embedded/4.8 2014q2/bin/../lib/gcc/arm-none-eabi/4.8.4/../../../../arm-none-eabi/lib/armv7-m\libg.a(lib_a-mlock.o)
 .debug_frame   0x000016e8       0x2c d:/arm/gnu tools arm embedded/4.8 2014q2/bin/../lib/gcc/arm-none-eabi/4.8.4/../../../../arm-none-eabi/lib/armv7-m\libg.a(lib_a-sbrkr.o)
 .debug_frame   0x00001714       0x50 d:/arm/gnu tools arm embedded/4.8 2014q2/bin/../lib/gcc/arm-none-eabi/4.8.4/../../../../arm-none-eabi/lib/armv7-m\libg.a(lib_a-freer.o)
 .debug_frame   0x00001764       0x48 d:/arm/gnu tools arm embedded/4.8 2014q2/bin/../lib/gcc/arm-none-eabi/4.8.4/../../../../arm-none-eabi/lib/armv7-m\libg.a(lib_a-reent.o)

.debug_str      0x00000000    0x58d7e
 *(.debug_str)
 .debug_str     0x00000000    0x52655 ./src/LIS3DH.o
                              0x527ba (size before relaxing)
 .debug_str     0x00052655      0xffa ./src/LM9DS0.o
                              0x531f2 (size before relaxing)
 .debug_str     0x0005364f       0xae ./src/fifo.o
                               0x2fcb (size before relaxing)
 .debug_str     0x000536fd     0x2a60 ./src/main.o
                              0x5601d (size before relaxing)
 .debug_str     0x0005615d      0x14b ./src/pomiar.o
                              0x54ca9 (size before relaxing)
 .debug_str     0x000562a8       0xba ./src/spi.o
                              0x524cd (size before relaxing)
 .debug_str     0x00056362      0x219 ./src/uart.o
                              0x5293f (size before relaxing)
 .debug_str     0x0005657b      0x4d2 ./libs/misc/src/_sbrk.o
                               0x4462 (size before relaxing)
 .debug_str     0x00056a4d      0x123 ./libs/StdPeriph/src/misc.o
                              0x51863 (size before relaxing)
 .debug_str     0x00056b70      0x484 ./libs/StdPeriph/src/stm32f10x_gpio.o
                              0x51bdb (size before relaxing)
 .debug_str     0x00056ff4      0xe3f ./libs/StdPeriph/src/stm32f10x_rcc.o
                              0x5257e (size before relaxing)
 .debug_str     0x00057e33      0x505 ./libs/StdPeriph/src/stm32f10x_spi.o
                              0x51d28 (size before relaxing)
 .debug_str     0x00058338      0x761 ./libs/StdPeriph/src/stm32f10x_usart.o
                              0x51eeb (size before relaxing)
 .debug_str     0x00058a99      0x139 ./libs/CMSIS/src/startup_cm.o
                               0x34d2 (size before relaxing)
 .debug_str     0x00058bd2       0x2c ./libs/CMSIS/src/startup_stm32f10x.o
                              0x515e8 (size before relaxing)
 .debug_str     0x00058bfe       0xb5 ./libs/CMSIS/src/system_stm32f10x.o
                              0x517cd (size before relaxing)
 .debug_str     0x00058cb3       0xcb ./libs/CMSIS/src/vectors_stm32f10x.o
                               0x24fc (size before relaxing)

.debug_loc
 *(.debug_loc)

.debug_macinfo
 *(.debug_macinfo)

.debug_weaknames
 *(.debug_weaknames)

.debug_funcnames
 *(.debug_funcnames)

.debug_typenames
 *(.debug_typenames)

.debug_varnames
 *(.debug_varnames)
OUTPUT(STM32F105-akcelerometry.elf elf32-littlearm)

.debug_ranges   0x00000000      0x670
 .debug_ranges  0x00000000       0x38 ./src/LIS3DH.o
 .debug_ranges  0x00000038       0x60 ./src/LM9DS0.o
 .debug_ranges  0x00000098       0x30 ./src/fifo.o
 .debug_ranges  0x000000c8       0x40 ./src/main.o
 .debug_ranges  0x00000108       0x40 ./src/pomiar.o
 .debug_ranges  0x00000148       0x38 ./src/spi.o
 .debug_ranges  0x00000180       0x60 ./src/uart.o
 .debug_ranges  0x000001e0       0x10 ./libs/misc/src/_sbrk.o
 .debug_ranges  0x000001f0       0x30 ./libs/StdPeriph/src/misc.o
 .debug_ranges  0x00000220       0x98 ./libs/StdPeriph/src/stm32f10x_gpio.o
 .debug_ranges  0x000002b8      0x150 ./libs/StdPeriph/src/stm32f10x_rcc.o
 .debug_ranges  0x00000408       0xc0 ./libs/StdPeriph/src/stm32f10x_spi.o
 .debug_ranges  0x000004c8       0xf0 ./libs/StdPeriph/src/stm32f10x_usart.o
 .debug_ranges  0x000005b8       0x28 ./libs/CMSIS/src/startup_cm.o
 .debug_ranges  0x000005e0       0x10 ./libs/CMSIS/src/startup_stm32f10x.o
 .debug_ranges  0x000005f0       0x28 ./libs/CMSIS/src/system_stm32f10x.o
 .debug_ranges  0x00000618       0x58 ./libs/CMSIS/src/vectors_stm32f10x.o

.debug_macro    0x00000000     0x3626
 .debug_macro   0x00000000      0x18a ./src/LIS3DH.o
 .debug_macro   0x0000018a      0x166 ./src/LIS3DH.o
 .debug_macro   0x000002f0      0x18a ./src/LM9DS0.o
 .debug_macro   0x0000047a      0x2e2 ./src/LM9DS0.o
 .debug_macro   0x0000075c       0x4c ./src/fifo.o
 .debug_macro   0x000007a8      0x28e ./src/main.o
 .debug_macro   0x00000a36       0x22 ./src/main.o
 .debug_macro   0x00000a58      0x69f ./src/main.o
 .debug_macro   0x000010f7      0x2c4 ./src/main.o
 .debug_macro   0x000013bb      0x272 ./src/pomiar.o
 .debug_macro   0x0000162d      0x186 ./src/spi.o
 .debug_macro   0x000017b3      0x18a ./src/uart.o
 .debug_macro   0x0000193d      0x2a6 ./src/uart.o
 .debug_macro   0x00001be3       0xd1 ./libs/misc/src/_sbrk.o
 .debug_macro   0x00001cb4       0x19 ./libs/misc/src/_sbrk.o
 .debug_macro   0x00001ccd      0x16d ./libs/misc/src/_sbrk.o
 .debug_macro   0x00001e3a       0x10 ./libs/misc/src/_sbrk.o
 .debug_macro   0x00001e4a      0x23b ./libs/misc/src/_sbrk.o
 .debug_macro   0x00002085      0x16a ./libs/StdPeriph/src/misc.o
 .debug_macro   0x000021ef       0x85 ./libs/StdPeriph/src/misc.o
 .debug_macro   0x00002274      0x1b2 ./libs/StdPeriph/src/stm32f10x_gpio.o
 .debug_macro   0x00002426      0x2d9 ./libs/StdPeriph/src/stm32f10x_rcc.o
 .debug_macro   0x000026ff      0x5b4 ./libs/StdPeriph/src/stm32f10x_rcc.o
 .debug_macro   0x00002cb3      0x1ca ./libs/StdPeriph/src/stm32f10x_spi.o
 .debug_macro   0x00002e7d      0x218 ./libs/StdPeriph/src/stm32f10x_usart.o
 .debug_macro   0x00003095      0x21a ./libs/StdPeriph/src/stm32f10x_usart.o
 .debug_macro   0x000032af       0xa6 ./libs/CMSIS/src/startup_cm.o
 .debug_macro   0x00003355      0x15a ./libs/CMSIS/src/startup_stm32f10x.o
 .debug_macro   0x000034af      0x166 ./libs/CMSIS/src/system_stm32f10x.o
 .debug_macro   0x00003615       0x11 ./libs/CMSIS/src/vectors_stm32f10x.o
