Archive member included because of file (symbol)

d:/arm/gnu_tools_arm_embedded/4.9 2014q4/bin/../lib/gcc/arm-none-eabi/4.9.3/armv7-m\libgcc.a(_arm_muldivsf3.o)
                              ./src/uart.o (__aeabi_fmul)
d:/arm/gnu_tools_arm_embedded/4.9 2014q4/bin/../lib/gcc/arm-none-eabi/4.9.3/armv7-m\libgcc.a(_arm_fixsfsi.o)
                              ./src/uart.o (__aeabi_f2iz)
d:/arm/gnu_tools_arm_embedded/4.9 2014q4/bin/../lib/gcc/arm-none-eabi/4.9.3/../../../../arm-none-eabi/lib/armv7-m\libg.a(lib_a-errno.o)
                              ./libs/misc/src/_sbrk.o (__errno)
d:/arm/gnu_tools_arm_embedded/4.9 2014q4/bin/../lib/gcc/arm-none-eabi/4.9.3/../../../../arm-none-eabi/lib/armv7-m\libg.a(lib_a-impure.o)
                              d:/arm/gnu_tools_arm_embedded/4.9 2014q4/bin/../lib/gcc/arm-none-eabi/4.9.3/../../../../arm-none-eabi/lib/armv7-m\libg.a(lib_a-errno.o) (_impure_ptr)
d:/arm/gnu_tools_arm_embedded/4.9 2014q4/bin/../lib/gcc/arm-none-eabi/4.9.3/../../../../arm-none-eabi/lib/armv7-m\libg.a(lib_a-malloc.o)
                              ./src/fifo.o (malloc)
d:/arm/gnu_tools_arm_embedded/4.9 2014q4/bin/../lib/gcc/arm-none-eabi/4.9.3/../../../../arm-none-eabi/lib/armv7-m\libg.a(lib_a-mallocr.o)
                              d:/arm/gnu_tools_arm_embedded/4.9 2014q4/bin/../lib/gcc/arm-none-eabi/4.9.3/../../../../arm-none-eabi/lib/armv7-m\libg.a(lib_a-malloc.o) (_malloc_r)
d:/arm/gnu_tools_arm_embedded/4.9 2014q4/bin/../lib/gcc/arm-none-eabi/4.9.3/../../../../arm-none-eabi/lib/armv7-m\libg.a(lib_a-mlock.o)
                              d:/arm/gnu_tools_arm_embedded/4.9 2014q4/bin/../lib/gcc/arm-none-eabi/4.9.3/../../../../arm-none-eabi/lib/armv7-m\libg.a(lib_a-mallocr.o) (__malloc_lock)
d:/arm/gnu_tools_arm_embedded/4.9 2014q4/bin/../lib/gcc/arm-none-eabi/4.9.3/../../../../arm-none-eabi/lib/armv7-m\libg.a(lib_a-sbrkr.o)
                              d:/arm/gnu_tools_arm_embedded/4.9 2014q4/bin/../lib/gcc/arm-none-eabi/4.9.3/../../../../arm-none-eabi/lib/armv7-m\libg.a(lib_a-mallocr.o) (_sbrk_r)
d:/arm/gnu_tools_arm_embedded/4.9 2014q4/bin/../lib/gcc/arm-none-eabi/4.9.3/../../../../arm-none-eabi/lib/armv7-m\libg.a(lib_a-freer.o)
                              d:/arm/gnu_tools_arm_embedded/4.9 2014q4/bin/../lib/gcc/arm-none-eabi/4.9.3/../../../../arm-none-eabi/lib/armv7-m\libg.a(lib_a-malloc.o) (_free_r)
d:/arm/gnu_tools_arm_embedded/4.9 2014q4/bin/../lib/gcc/arm-none-eabi/4.9.3/../../../../arm-none-eabi/lib/armv7-m\libg.a(lib_a-reent.o)
                              d:/arm/gnu_tools_arm_embedded/4.9 2014q4/bin/../lib/gcc/arm-none-eabi/4.9.3/../../../../arm-none-eabi/lib/armv7-m\libg.a(lib_a-sbrkr.o) (errno)

Allocating common symbols
Common symbol       size              file

errno               0x4               d:/arm/gnu_tools_arm_embedded/4.9 2014q4/bin/../lib/gcc/arm-none-eabi/4.9.3/../../../../arm-none-eabi/lib/armv7-m\libg.a(lib_a-reent.o)
queue               0x4               ./src/pomiar.o
Rx                  0x2               ./src/pomiar.o
bufor               0xe10             ./src/pomiar.o

Discarded input sections

 .text          0x00000000        0x0 ./src/ADXL343.o
 .data          0x00000000        0x0 ./src/ADXL343.o
 .bss           0x00000000        0x0 ./src/ADXL343.o
 .text.ADXL343_SpiRead
                0x00000000        0x4 ./src/ADXL343.o
 .text.ADXL343_SpiSend
                0x00000000        0x4 ./src/ADXL343.o
 .text.ADXL343_SpiStart
                0x00000000        0x4 ./src/ADXL343.o
 .text.ADXL343_SpiStop
                0x00000000        0x4 ./src/ADXL343.o
 .text.ADXL343_Init
                0x00000000       0x64 ./src/ADXL343.o
 .text.ADXL343_SetDataRate
                0x00000000       0x22 ./src/ADXL343.o
 .text.ADXL343_Read
                0x00000000       0x66 ./src/ADXL343.o
 .debug_info    0x00000000      0x658 ./src/ADXL343.o
 .debug_abbrev  0x00000000      0x1ef ./src/ADXL343.o
 .debug_loc     0x00000000      0x19e ./src/ADXL343.o
 .debug_aranges
                0x00000000       0x50 ./src/ADXL343.o
 .debug_ranges  0x00000000       0x70 ./src/ADXL343.o
 .debug_line    0x00000000      0x1ea ./src/ADXL343.o
 .debug_str     0x00000000      0x3f8 ./src/ADXL343.o
 .comment       0x00000000       0x71 ./src/ADXL343.o
 .debug_frame   0x00000000       0xa4 ./src/ADXL343.o
 .ARM.attributes
                0x00000000       0x33 ./src/ADXL343.o
 .text          0x00000000        0x0 ./src/LIS3DH.o
 .data          0x00000000        0x0 ./src/LIS3DH.o
 .bss           0x00000000        0x0 ./src/LIS3DH.o
 .text.LIS3DH_SpiRead
                0x00000000        0x4 ./src/LIS3DH.o
 .text.LIS3DH_SpiSend
                0x00000000        0x4 ./src/LIS3DH.o
 .text.LIS3DH_SpiStart
                0x00000000        0x4 ./src/LIS3DH.o
 .text.LIS3DH_SpiStop
                0x00000000        0x4 ./src/LIS3DH.o
 .text          0x00000000        0x0 ./src/LM9DS0.o
 .data          0x00000000        0x0 ./src/LM9DS0.o
 .bss           0x00000000        0x0 ./src/LM9DS0.o
[...]
Memory Configuration

Name             Origin             Length             Attributes
RAM              0x20000000         0x00010000         xrw
CCMRAM           0x00000000         0x00000000         xrw
FLASH            0x08000000         0x00040000         xr
FLASHB1          0x00000000         0x00000000         xr
EXTMEMB0         0x00000000         0x00000000         xr
EXTMEMB1         0x00000000         0x00000000         xr
EXTMEMB2         0x00000000         0x00000000         xr
EXTMEMB3         0x00000000         0x00000000         xr
MEMORY_ARRAY     0x00000000         0x00000000         xrw
*default*        0x00000000         0xffffffff

Linker script and memory map

LOAD ./src/ADXL343.o
LOAD ./src/LIS3DH.o
LOAD ./src/LM9DS0.o
LOAD ./src/MMA9551L.o
LOAD ./src/fifo.o
LOAD ./src/fifo2.o
LOAD ./src/main.o
LOAD ./src/pomiar.o
LOAD ./src/spi.o
LOAD ./src/uart.o
LOAD ./libs/misc/src/_sbrk.o
LOAD ./libs/misc/src/_write.o
LOAD ./libs/misc/src/trace_impl.o
LOAD ./libs/StdPeriph/src/misc.o
LOAD ./libs/StdPeriph/src/stm32f10x_adc.o
LOAD ./libs/StdPeriph/src/stm32f10x_bkp.o
LOAD ./libs/StdPeriph/src/stm32f10x_can.o
LOAD ./libs/StdPeriph/src/stm32f10x_cec.o
LOAD ./libs/StdPeriph/src/stm32f10x_crc.o
LOAD ./libs/StdPeriph/src/stm32f10x_dac.o
LOAD ./libs/StdPeriph/src/stm32f10x_dbgmcu.o
LOAD ./libs/StdPeriph/src/stm32f10x_dma.o
LOAD ./libs/StdPeriph/src/stm32f10x_exti.o
LOAD ./libs/StdPeriph/src/stm32f10x_flash.o
LOAD ./libs/StdPeriph/src/stm32f10x_fsmc.o
LOAD ./libs/StdPeriph/src/stm32f10x_gpio.o
LOAD ./libs/StdPeriph/src/stm32f10x_i2c.o
LOAD ./libs/StdPeriph/src/stm32f10x_iwdg.o
LOAD ./libs/StdPeriph/src/stm32f10x_pwr.o
LOAD ./libs/StdPeriph/src/stm32f10x_rcc.o
LOAD ./libs/StdPeriph/src/stm32f10x_rtc.o
LOAD ./libs/StdPeriph/src/stm32f10x_sdio.o
LOAD ./libs/StdPeriph/src/stm32f10x_spi.o
LOAD ./libs/StdPeriph/src/stm32f10x_tim.o
LOAD ./libs/StdPeriph/src/stm32f10x_usart.o
LOAD ./libs/StdPeriph/src/stm32f10x_wwdg.o
LOAD ./libs/CMSIS/src/core_cm3.o
LOAD ./libs/CMSIS/src/startup_cm.o
LOAD ./libs/CMSIS/src/startup_stm32f10x.o
LOAD ./libs/CMSIS/src/system_stm32f10x.o
LOAD ./libs/CMSIS/src/vectors_stm32f10x.o
START GROUP
LOAD d:/arm/gnu_tools_arm_embedded/4.9 2014q4/bin/../lib/gcc/arm-none-eabi/4.9.3/armv7-m\libgcc.a
LOAD d:/arm/gnu_tools_arm_embedded/4.9 2014q4/bin/../lib/gcc/arm-none-eabi/4.9.3/../../../../arm-none-eabi/lib/armv7-m\libg.a
LOAD d:/arm/gnu_tools_arm_embedded/4.9 2014q4/bin/../lib/gcc/arm-none-eabi/4.9.3/../../../../arm-none-eabi/lib/armv7-m\libc.a
END GROUP
START GROUP
LOAD d:/arm/gnu_tools_arm_embedded/4.9 2014q4/bin/../lib/gcc/arm-none-eabi/4.9.3/armv7-m\libgcc.a
LOAD d:/arm/gnu_tools_arm_embedded/4.9 2014q4/bin/../lib/gcc/arm-none-eabi/4.9.3/../../../../arm-none-eabi/lib/armv7-m\libg.a
LOAD d:/arm/gnu_tools_arm_embedded/4.9 2014q4/bin/../lib/gcc/arm-none-eabi/4.9.3/../../../../arm-none-eabi/lib/armv7-m\libc.a
LOAD d:/arm/gnu_tools_arm_embedded/4.9 2014q4/bin/../lib/gcc/arm-none-eabi/4.9.3/../../../../arm-none-eabi/lib/armv7-m\libm.a
LOAD d:/arm/gnu_tools_arm_embedded/4.9 2014q4/bin/../lib/gcc/arm-none-eabi/4.9.3/../../../../arm-none-eabi/lib/armv7-m\libnosys.a
END GROUP
                0x20010000                __stack = (ORIGIN (RAM) + 0x10000)
                0x20010000                _estack = __stack
                0x00000400                __Main_Stack_Size = 0x400
                0x00000400                PROVIDE (_Main_Stack_Size, __Main_Stack_Size)
                0x2000fc00                __Main_Stack_Limit = (__stack - __Main_Stack_Size)
                0x2000fc00                PROVIDE (_Main_Stack_Limit, __Main_Stack_Limit)
                0x00000100                _Minimum_Stack_Size = 0x100
                0x200016cc                PROVIDE (_Heap_Begin, _end_noinit)
                0x2000fc00                PROVIDE (_Heap_Limit, (__stack - _Main_Stack_Size))

.isr_vector     0x08000000      0x24c
                0x08000000                . = ALIGN (0x4)
 *(.isr_vector)
 .isr_vector    0x08000000      0x1e4 ./libs/CMSIS/src/vectors_stm32f10x.o
                0x08000000                g_pfnVectors
 *(.after_vectors .after_vectors.*)
 .after_vectors
                0x080001e4       0x54 ./libs/CMSIS/src/startup_cm.o
                0x080001e4                system_init
                0x08000208                Reset_Handler
 .after_vectors
                0x08000238       0x14 ./libs/CMSIS/src/vectors_stm32f10x.o
                0x08000238                RTC_Alarm_IRQHandler
                0x08000238                EXTI2_IRQHandler
                0x08000238                TIM8_TRG_COM_IRQHandler
                0x08000238                TIM8_CC_IRQHandler
                0x08000238                DMA2_Channel3_IRQHandler
                0x08000238                TIM1_CC_IRQHandler
                0x08000238                USBWakeUp_IRQHandler
                0x08000238                TIM6_IRQHandler
                0x08000238                PVD_IRQHandler
                0x08000238                SDIO_IRQHandler
                0x08000238                I2C1_ER_IRQHandler
                0x08000238                SPI3_IRQHandler
                0x08000238                CAN2_RX1_IRQHandler
                0x08000238                EXTI3_IRQHandler
                0x08000238                TIM8_TRG_COM_TIM14_IRQHandler
                0x08000238                TIM1_UP_TIM10_IRQHandler
                0x08000238                TIM8_UP_TIM13_IRQHandler
                0x08000238                EXTI0_IRQHandler
                0x08000238                I2C2_EV_IRQHandler
                0x08000238                CAN1_RX0_IRQHandler
                0x08000238                TIM1_UP_TIM16_IRQHandler
                0x08000238                OTG_FS_IRQHandler
                0x08000238                CAN2_SCE_IRQHandler
                0x08000238                ADC1_2_IRQHandler
                0x08000238                SPI1_IRQHandler
                0x08000238                TAMPER_IRQHandler
                0x08000238                TIM6_DAC_IRQHandler
                0x08000238                TIM1_BRK_TIM9_IRQHandler
                0x08000238                CAN2_RX0_IRQHandler
                0x08000238                TIM8_UP_IRQHandler
                0x08000238                DMA2_Channel2_IRQHandler
                0x08000238                DMA1_Channel4_IRQHandler
                0x08000238                USART3_IRQHandler
                0x08000238                RTC_IRQHandler
                0x08000238                CAN1_RX1_IRQHandler
                0x08000238                UART5_IRQHandler
                0x08000238                ADC3_IRQHandler
                0x08000238                TIM4_IRQHandler
                0x08000238                DMA2_Channel1_IRQHandler
                0x08000238                I2C1_EV_IRQHandler
                0x08000238                DMA1_Channel6_IRQHandler
                0x08000238                UART4_IRQHandler
                0x08000238                DMA2_Channel4_IRQHandler
                0x08000238                TIM3_IRQHandler
                0x08000238                RCC_IRQHandler
                0x08000238                TIM8_BRK_TIM12_IRQHandler
                0x08000238                TIM1_TRG_COM_IRQHandler
                0x08000238                DMA1_Channel1_IRQHandler
                0x08000238                Default_Handler
                0x08000238                CEC_IRQHandler
                0x08000238                EXTI15_10_IRQHandler
                0x08000238                TIM14_IRQHandler
                0x08000238                TIM13_IRQHandler
                0x08000238                TIM12_IRQHandler
                0x08000238                TIM7_IRQHandler
                0x08000238                CAN2_TX_IRQHandler
                0x08000238                TIM5_IRQHandler
                0x08000238                EXTI9_5_IRQHandler
                0x08000238                ETH_WKUP_IRQHandler
                0x08000238                SPI2_IRQHandler
                0x08000238                FLASH_IRQHandler
                0x08000238                CAN1_TX_IRQHandler
                0x08000238                CAN1_SCE_IRQHandler
                0x08000238                DMA2_Channel5_IRQHandler
                0x08000238                DMA1_Channel5_IRQHandler
                0x08000238                EXTI4_IRQHandler
                0x08000238                USB_LP_CAN1_RX0_IRQHandler
                0x08000238                TIM1_TRG_COM_TIM17_IRQHandler
                0x08000238                USB_HP_CAN1_TX_IRQHandler
                0x08000238                DMA1_Channel3_IRQHandler
                0x08000238                FSMC_IRQHandler
                0x08000238                ETH_IRQHandler
                0x08000238                TIM1_UP_IRQHandler
                0x08000238                WWDG_IRQHandler
                0x08000238                TIM2_IRQHandler
                0x08000238                OTG_FS_WKUP_IRQHandler
                0x08000238                TIM1_TRG_COM_TIM11_IRQHandler
                0x08000238                TIM1_BRK_IRQHandler
                0x08000238                EXTI1_IRQHandler
                0x08000238                DMA2_Channel4_5_IRQHandler
                0x08000238                USART2_IRQHandler
                0x08000238                I2C2_ER_IRQHandler
                0x08000238                DMA1_Channel2_IRQHandler
                0x08000238                TIM8_BRK_IRQHandler
                0x08000238                TIM1_BRK_TIM15_IRQHandler
                0x0800023a                NMI_Handler
                0x0800023c                HardFault_Handler
                0x0800023e                MemManage_Handler
                0x08000240                BusFault_Handler
                0x08000242                UsageFault_Handler
                0x08000244                SVC_Handler
                0x08000246                DebugMon_Handler
                0x08000248                PendSV_Handler
                0x0800024c                . = ALIGN (0x4)

._inits         0x0800024c        0x4
                0x0800024c                . = ALIGN (0x4)
 *(.init)
 *(.fini)
                0x0800024c                . = ALIGN (0x4)
                0x0800024c                PROVIDE (__preinit_array_start, .)
 *(.preinit_array_sysinit .preinit_array_sysinit.*)
 .preinit_array_sysinit
                0x0800024c        0x4 ./libs/CMSIS/src/startup_cm.o
                0x0800024c                p_system_init
 *(.preinit_array_platform .preinit_array_platform.*)
 *(.preinit_array .preinit_array.*)
                0x08000250                PROVIDE (__preinit_array_end, .)
                0x08000250                . = ALIGN (0x4)
                0x08000250                PROVIDE (__init_array_start, .)
 *(SORT(.init_array.*))
 *(.init_array)
                0x08000250                PROVIDE (__init_array_end, .)
                0x08000250                . = ALIGN (0x4)
                0x08000250                PROVIDE (__fini_array_start, .)
 *(SORT(.fini_array.*))
 *(.fini_array)
                0x08000250                PROVIDE (__fini_array_end, .)
                0x08000250                . = ALIGN (0x4)

.flashtext      0x08000250        0x0
                0x08000250                . = ALIGN (0x4)
 *(.flashtext .flashtext.*)
                0x08000250                . = ALIGN (0x4)

.text           0x08000250     0x1744
                0x08000250                . = ALIGN (0x4)
 *(.text .text.*)
 .text.LIS3DH_Init
                0x08000250       0x6e ./src/LIS3DH.o
                0x08000250                LIS3DH_Init
 .text.LIS3DH_Read
                0x080002be       0x66 ./src/LIS3DH.o
                0x080002be                LIS3DH_Read
 .text.LSM9DS0_G_SpiStart
                0x08000324       0x10 ./src/LM9DS0.o
 .text.LSM9DS0_G_SpiStop
                0x08000334       0x10 ./src/LM9DS0.o
 .text.LSM9DS0_XM_SpiStart
                0x08000344       0x10 ./src/LM9DS0.o
 .text.LSM9DS0_XM_SpiStop
                0x08000354       0x10 ./src/LM9DS0.o
 .text.LSM9DS0_SpiRead
                0x08000364       0x2c ./src/LM9DS0.o
 .text.LSM9DS0_SpiSend
                0x08000390       0x30 ./src/LM9DS0.o
 .text.LSM9DS0_Init
                0x080003c0      0x220 ./src/LM9DS0.o
                0x080003c0                LSM9DS0_Init
 .text.queueGetLength
                0x080005e0        0x4 ./src/fifo.o
 .text.queueAdd
                0x080005e4       0x2a ./src/fifo.o
 .text.queueGetHead
                0x0800060e       0x2a ./src/fifo.o
 .text.createQueue
                0x08000638       0x2c ./src/fifo.o
                0x08000638                createQueue
 .text.Periph_Initialize
                0x08000664       0x1a ./src/main.o
                0x08000664                Periph_Initialize
 *fill*         0x0800067e        0x2 
 .text.startup.main
                0x08000680       0xa4 ./src/main.o
                0x08000680                main
 .text.SysTick_Handler
                0x08000724       0x50 ./src/pomiar.o
                0x08000724                SysTick_Handler
 .text.DMA1_Channel7_IRQHandler
                0x08000774       0x20 ./src/pomiar.o
                0x08000774                DMA1_Channel7_IRQHandler
 .text.USART1_IRQHandler
                0x08000794       0xa8 ./src/pomiar.o
                0x08000794                USART1_IRQHandler
 .text.push_uint8_to_bufor_in_asciiHex
                0x0800083c       0x1e ./src/pomiar.o
                0x0800083c                push_uint8_to_bufor_in_asciiHex
 .text.push_int16_to_bufor_in_asciiHex
                0x0800085a       0x1e ./src/pomiar.o
                0x0800085a                push_int16_to_bufor_in_asciiHex
 .text.push_CRLF_to_bufor
                0x08000878        0xe ./src/pomiar.o
                0x08000878                push_CRLF_to_bufor
 *fill*         0x08000886        0x2 
 .text.pomiar   0x08000888      0x144 ./src/pomiar.o
                0x08000888                pomiar
 .text.SPI_Init_CS
                0x080009cc       0x24 ./src/spi.o
                0x080009cc                SPI_Init_CS
 .text.SPI_StartTransmission
                0x080009f0       0x10 ./src/spi.o
                0x080009f0                SPI_StartTransmission
 .text.SPI_StopTransmission
                0x08000a00       0x10 ./src/spi.o
                0x08000a00                SPI_StopTransmission
 .text.SPI_Initialize
                0x08000a10       0xc8 ./src/spi.o
                0x08000a10                SPI_Initialize
 .text.SPI_Send
                0x08000ad8       0x30 ./src/spi.o
                0x08000ad8                SPI_Send
 .text.SPI_Read
                0x08000b08       0x2c ./src/spi.o
                0x08000b08                SPI_Read
 .text.UART_Initialize
                0x08000b34       0xdc ./src/uart.o
                0x08000b34                UART_Initialize
 .text.UART_Send_char
                0x08000c10       0x1c ./src/uart.o
                0x08000c10                UART_Send_char
 .text._sbrk    0x08000c2c       0x40 ./libs/misc/src/_sbrk.o
                0x08000c2c                _sbrk
 .text.NVIC_Init
                0x08000c6c       0x6c ./libs/StdPeriph/src/misc.o
                0x08000c6c                NVIC_Init
 .text.GPIO_Init
                0x08000cd8       0x9c ./libs/StdPeriph/src/stm32f10x_gpio.o
                0x08000cd8                GPIO_Init
 .text.GPIO_WriteBit
                0x08000d74        0xa ./libs/StdPeriph/src/stm32f10x_gpio.o
                0x08000d74                GPIO_WriteBit
 *fill*         0x08000d7e        0x2 
 .text.RCC_GetClocksFreq
                0x08000d80       0xc0 ./libs/StdPeriph/src/stm32f10x_rcc.o
                0x08000d80                RCC_GetClocksFreq
 .text.RCC_AHBPeriphClockCmd
                0x08000e40       0x18 ./libs/StdPeriph/src/stm32f10x_rcc.o
                0x08000e40                RCC_AHBPeriphClockCmd
 .text.RCC_APB2PeriphClockCmd
                0x08000e58       0x18 ./libs/StdPeriph/src/stm32f10x_rcc.o
                0x08000e58                RCC_APB2PeriphClockCmd
 .text.SPI_Init
                0x08000e70       0x3e ./libs/StdPeriph/src/stm32f10x_spi.o
                0x08000e70                SPI_Init
 .text.SPI_Cmd  0x08000eae       0x18 ./libs/StdPeriph/src/stm32f10x_spi.o
                0x08000eae                SPI_Cmd
 .text.SPI_I2S_SendData
                0x08000ec6        0x4 ./libs/StdPeriph/src/stm32f10x_spi.o
                0x08000ec6                SPI_I2S_SendData
 .text.SPI_I2S_ReceiveData
                0x08000eca        0x6 ./libs/StdPeriph/src/stm32f10x_spi.o
                0x08000eca                SPI_I2S_ReceiveData
 .text.SPI_I2S_GetFlagStatus
                0x08000ed0        0xc ./libs/StdPeriph/src/stm32f10x_spi.o
                0x08000ed0                SPI_I2S_GetFlagStatus
 .text.USART_Init
                0x08000edc       0xac ./libs/StdPeriph/src/stm32f10x_usart.o
                0x08000edc                USART_Init
 .text.USART_Cmd
                0x08000f88       0x18 ./libs/StdPeriph/src/stm32f10x_usart.o
                0x08000f88                USART_Cmd
 .text.USART_ITConfig
                0x08000fa0       0x32 ./libs/StdPeriph/src/stm32f10x_usart.o
                0x08000fa0                USART_ITConfig
 .text.USART_SendData
                0x08000fd2        0x8 ./libs/StdPeriph/src/stm32f10x_usart.o
                0x08000fd2                USART_SendData
 .text.USART_ReceiveData
                0x08000fda        0x8 ./libs/StdPeriph/src/stm32f10x_usart.o
                0x08000fda                USART_ReceiveData
 .text.USART_GetFlagStatus
                0x08000fe2        0xc ./libs/StdPeriph/src/stm32f10x_usart.o
                0x08000fe2                USART_GetFlagStatus
 .text.USART_GetITStatus
                0x08000fee       0x3e ./libs/StdPeriph/src/stm32f10x_usart.o
                0x08000fee                USART_GetITStatus
 .text.USART_ClearITPendingBit
                0x0800102c        0xe ./libs/StdPeriph/src/stm32f10x_usart.o
                0x0800102c                USART_ClearITPendingBit
 *fill*         0x0800103a        0x2 
 .text.__libc_init_array
                0x0800103c       0x48 ./libs/CMSIS/src/startup_cm.o
                0x0800103c                __libc_init_array
 .text.__libc_fini_array
                0x08001084       0x24 ./libs/CMSIS/src/startup_cm.o
                0x08001084                __libc_fini_array
 .text._exit    0x080010a8       0x1c ./libs/CMSIS/src/startup_stm32f10x.o
                0x080010a8                _exit
 .text.SystemInit
                0x080010c4      0x124 ./libs/CMSIS/src/system_stm32f10x.o
                0x080010c4                SystemInit
 .text.__errno  0x080011e8        0xc d:/arm/gnu_tools_arm_embedded/4.9 2014q4/bin/../lib/gcc/arm-none-eabi/4.9.3/../../../../arm-none-eabi/lib/armv7-m\libg.a(lib_a-errno.o)
                0x080011e8                __errno
 .text.malloc   0x080011f4       0x10 d:/arm/gnu_tools_arm_embedded/4.9 2014q4/bin/../lib/gcc/arm-none-eabi/4.9.3/../../../../arm-none-eabi/lib/armv7-m\libg.a(lib_a-malloc.o)
                0x080011f4                malloc
 .text.free     0x08001204       0x10 d:/arm/gnu_tools_arm_embedded/4.9 2014q4/bin/../lib/gcc/arm-none-eabi/4.9.3/../../../../arm-none-eabi/lib/armv7-m\libg.a(lib_a-malloc.o)
                0x08001204                free
 .text._malloc_r
                0x08001214      0x504 d:/arm/gnu_tools_arm_embedded/4.9 2014q4/bin/../lib/gcc/arm-none-eabi/4.9.3/../../../../arm-none-eabi/lib/armv7-m\libg.a(lib_a-mallocr.o)
                0x08001214                _malloc_r
 .text.__malloc_lock
                0x08001718        0x4 d:/arm/gnu_tools_arm_embedded/4.9 2014q4/bin/../lib/gcc/arm-none-eabi/4.9.3/../../../../arm-none-eabi/lib/armv7-m\libg.a(lib_a-mlock.o)
                0x08001718                __malloc_lock
 .text.__malloc_unlock
                0x0800171c        0x4 d:/arm/gnu_tools_arm_embedded/4.9 2014q4/bin/../lib/gcc/arm-none-eabi/4.9.3/../../../../arm-none-eabi/lib/armv7-m\libg.a(lib_a-mlock.o)
                0x0800171c                __malloc_unlock
 .text._sbrk_r  0x08001720       0x24 d:/arm/gnu_tools_arm_embedded/4.9 2014q4/bin/../lib/gcc/arm-none-eabi/4.9.3/../../../../arm-none-eabi/lib/armv7-m\libg.a(lib_a-sbrkr.o)
                0x08001720                _sbrk_r
 .text._malloc_trim_r
                0x08001744       0x9c d:/arm/gnu_tools_arm_embedded/4.9 2014q4/bin/../lib/gcc/arm-none-eabi/4.9.3/../../../../arm-none-eabi/lib/armv7-m\libg.a(lib_a-freer.o)
                0x08001744                _malloc_trim_r
 .text._free_r  0x080017e0      0x1b0 d:/arm/gnu_tools_arm_embedded/4.9 2014q4/bin/../lib/gcc/arm-none-eabi/4.9.3/../../../../arm-none-eabi/lib/armv7-m\libg.a(lib_a-freer.o)
                0x080017e0                _free_r
 *(.rodata .rodata.*)
 .rodata.str1.4
                0x08001990        0x4 d:/arm/gnu_tools_arm_embedded/4.9 2014q4/bin/../lib/gcc/arm-none-eabi/4.9.3/../../../../arm-none-eabi/lib/armv7-m\libg.a(lib_a-impure.o)
 *(.eh_frame*)
 *(.glue_7)
 .glue_7        0x00000000        0x0 linker stubs
 *(.glue_7t)
 .glue_7t       0x00000000        0x0 linker stubs

.vfp11_veneer   0x08001994        0x0
 .vfp11_veneer  0x00000000        0x0 linker stubs

.v4_bx          0x08001994        0x0
 .v4_bx         0x00000000        0x0 linker stubs

.iplt           0x08001994        0x0
 .iplt          0x00000000        0x0 ./src/ADXL343.o

.rel.dyn        0x08001994        0x0
 .rel.iplt      0x00000000        0x0 ./src/ADXL343.o

.ARM.extab
 *(.ARM.extab* .gnu.linkonce.armextab.*)
                0x08001994                __exidx_start = .

.ARM.exidx
 *(.ARM.exidx* .gnu.linkonce.armexidx.*)
                0x08001994                __exidx_end = .
                0x08001994                . = ALIGN (0x4)
                0x08001994                _etext = .
                0x08001994                _sidata = _etext

.ROarraySection
 *(.ROarraySection .ROarraySection.*)

.data           0x20000000      0x864 load address 0x08001994
                0x20000000                . = ALIGN (0x4)
                0x20000000                _sdata = .
                0x20000000                __data_start__ = .
 *(vtable)
 *(EXCLUDE_FILE(*rdimon-crt0.o) .data .data.*)
 .data.czas_pomiaru
                0x20000000        0x4 ./src/pomiar.o
                0x20000000                czas_pomiaru
 .data.buforEnd
                0x20000004        0x3 ./src/pomiar.o
                0x20000004                buforEnd
 .data.wykonaj_pomiar
                0x20000007        0x1 ./src/pomiar.o
                0x20000007                wykonaj_pomiar
 .data.dma_wolne
                0x20000008        0x1 ./src/pomiar.o
                0x20000008                dma_wolne
 .data.wyslano_koniec
                0x20000009        0x1 ./src/pomiar.o
                0x20000009                wyslano_koniec
 .data.ADCPrescTable
                0x2000000a        0x4 ./libs/StdPeriph/src/stm32f10x_rcc.o
 .data.APBAHBPrescTable
                0x2000000e       0x10 ./libs/StdPeriph/src/stm32f10x_rcc.o
 *fill*         0x2000001e        0x2 
 .data.SystemCoreClock
                0x20000020        0x4 ./libs/CMSIS/src/system_stm32f10x.o
                0x20000020                SystemCoreClock
 *fill*         0x20000024        0x4 
 .data.impure_data
                0x20000028      0x428 d:/arm/gnu_tools_arm_embedded/4.9 2014q4/bin/../lib/gcc/arm-none-eabi/4.9.3/../../../../arm-none-eabi/lib/armv7-m\libg.a(lib_a-impure.o)
 .data._impure_ptr
                0x20000450        0x4 d:/arm/gnu_tools_arm_embedded/4.9 2014q4/bin/../lib/gcc/arm-none-eabi/4.9.3/../../../../arm-none-eabi/lib/armv7-m\libg.a(lib_a-impure.o)
                0x20000450                _impure_ptr
 .data.__malloc_av_
                0x20000454      0x408 d:/arm/gnu_tools_arm_embedded/4.9 2014q4/bin/../lib/gcc/arm-none-eabi/4.9.3/../../../../arm-none-eabi/lib/armv7-m\libg.a(lib_a-mallocr.o)
                0x20000454                __malloc_av_
 .data.__malloc_trim_threshold
                0x2000085c        0x4 d:/arm/gnu_tools_arm_embedded/4.9 2014q4/bin/../lib/gcc/arm-none-eabi/4.9.3/../../../../arm-none-eabi/lib/armv7-m\libg.a(lib_a-mallocr.o)
                0x2000085c                __malloc_trim_threshold
 .data.__malloc_sbrk_base
                0x20000860        0x4 d:/arm/gnu_tools_arm_embedded/4.9 2014q4/bin/../lib/gcc/arm-none-eabi/4.9.3/../../../../arm-none-eabi/lib/armv7-m\libg.a(lib_a-mallocr.o)
                0x20000860                __malloc_sbrk_base
                0x20000864                . = ALIGN (0x4)
                0x20000864                _edata = .
                0x20000864                __data_end__ = .

.igot.plt       0x20000864        0x0 load address 0x080021f8
 .igot.plt      0x00000000        0x0 ./src/ADXL343.o

.bss            0x20000864      0xe68 load address 0x080021f8
                0x20000864                . = ALIGN (0x4)
 *rdimon-crt0.o(.data)
                0x20000864                . = ALIGN (0x4)
                0x20000864                __bss_start__ = .
                0x20000864                _sbss = .
 *(.bss .bss.*)
 .bss.pomiar_w_toku
                0x20000864        0x1 ./src/pomiar.o
                0x20000864                pomiar_w_toku
 *fill*         0x20000865        0x1 
 .bss.index     0x20000866        0x2 ./src/pomiar.o
                0x20000866                index
 .bss.czas      0x20000868        0x4 ./src/pomiar.o
                0x20000868                czas
 .bss.ile       0x2000086c        0x4 ./src/pomiar.o
                0x2000086c                ile
 .bss.linieOdebrane
                0x20000870        0x4 ./src/pomiar.o
                0x20000870                linieOdebrane
 .bss.ile1      0x20000874        0x4 ./src/pomiar.o
                0x20000874                ile1
 .bss.current_heap_end.4302
                0x20000878        0x4 ./libs/misc/src/_sbrk.o
 .bss.__malloc_max_total_mem
                0x2000087c        0x4 d:/arm/gnu_tools_arm_embedded/4.9 2014q4/bin/../lib/gcc/arm-none-eabi/4.9.3/../../../../arm-none-eabi/lib/armv7-m\libg.a(lib_a-mallocr.o)
                0x2000087c                __malloc_max_total_mem
 .bss.__malloc_max_sbrked_mem
                0x20000880        0x4 d:/arm/gnu_tools_arm_embedded/4.9 2014q4/bin/../lib/gcc/arm-none-eabi/4.9.3/../../../../arm-none-eabi/lib/armv7-m\libg.a(lib_a-mallocr.o)
                0x20000880                __malloc_max_sbrked_mem
 .bss.__malloc_top_pad
                0x20000884        0x4 d:/arm/gnu_tools_arm_embedded/4.9 2014q4/bin/../lib/gcc/arm-none-eabi/4.9.3/../../../../arm-none-eabi/lib/armv7-m\libg.a(lib_a-mallocr.o)
                0x20000884                __malloc_top_pad
 .bss.__malloc_current_mallinfo
                0x20000888       0x28 d:/arm/gnu_tools_arm_embedded/4.9 2014q4/bin/../lib/gcc/arm-none-eabi/4.9.3/../../../../arm-none-eabi/lib/armv7-m\libg.a(lib_a-mallocr.o)
                0x20000888                __malloc_current_mallinfo
 *(COMMON)
 COMMON         0x200008b0      0xe16 ./src/pomiar.o
                0x200008b0                queue
                0x200008b4                Rx
                0x200008b6                bufor
 *fill*         0x200016c6        0x2 
 COMMON         0x200016c8        0x4 d:/arm/gnu_tools_arm_embedded/4.9 2014q4/bin/../lib/gcc/arm-none-eabi/4.9.3/../../../../arm-none-eabi/lib/armv7-m\libg.a(lib_a-reent.o)
                0x200016c8                errno
                0x200016cc                . = ALIGN (0x4)
                0x200016cc                __bss_end__ = .
                0x200016cc                _ebss = .

.noinit         0x200016cc        0x0
                0x200016cc                . = ALIGN (0x4)
                0x200016cc                _noinit = .
 *(.noinit .noinit.*)
                0x200016cc                . = ALIGN (0x4)
                0x200016cc                _end_noinit = .
                0x200016cc                PROVIDE (end, _end_noinit)
                0x200016cc                PROVIDE (_end, _end_noinit)
                0x200016cc                PROVIDE (__end, _end_noinit)
                0x200016cc                PROVIDE (__end__, _end_noinit)

._check_stack   0x200016cc      0x100 load address 0x08003060
                0x200016cc                . = ALIGN (0x4)
                0x200017cc                . = (. + _Minimum_Stack_Size)
 *fill*         0x200016cc      0x100 
                0x200017cc                . = ALIGN (0x4)

.bss_CCMRAM
 *(.bss.CCMRAM .bss.CCMRAM.*)

.b1text
 *(.b1text)
 *(.b1rodata)
 *(.b1rodata.*)

.eb0text
 *(.eb0text)
 *(.eb0rodata)
 *(.eb0rodata.*)

.eb1text
 *(.eb1text)
 *(.eb1rodata)
 *(.eb1rodata.*)

.eb2text
 *(.eb2text)
 *(.eb2rodata)
 *(.eb2rodata.*)

.eb3text
 *(.eb3text)
 *(.eb3rodata)
 *(.eb3rodata.*)

.stab
 *(.stab)

.stabstr
 *(.stabstr)

.stab.excl
 *(.stab.excl)

.stab.exclstr
 *(.stab.exclstr)

.stab.index
 *(.stab.index)

.stab.indexstr
 *(.stab.indexstr)

.comment        0x00000000       0x70
 *(.comment)
 .comment       0x00000000       0x70 ./src/LIS3DH.o
                                 0x71 (size before relaxing)
 .comment       0x00000000       0x71 ./src/LM9DS0.o
 .comment       0x00000000       0x71 ./src/fifo.o
 .comment       0x00000000       0x71 ./src/main.o
 .comment       0x00000000       0x71 ./src/pomiar.o
 .comment       0x00000000       0x71 ./src/spi.o
 .comment       0x00000000       0x71 ./src/uart.o
 .comment       0x00000000       0x71 ./libs/misc/src/_sbrk.o
 .comment       0x00000000       0x71 ./libs/StdPeriph/src/misc.o
 .comment       0x00000000       0x71 ./libs/StdPeriph/src/stm32f10x_gpio.o
 .comment       0x00000000       0x71 ./libs/StdPeriph/src/stm32f10x_rcc.o
 .comment       0x00000000       0x71 ./libs/StdPeriph/src/stm32f10x_spi.o
 .comment       0x00000000       0x71 ./libs/StdPeriph/src/stm32f10x_usart.o
 .comment       0x00000000       0x71 ./libs/CMSIS/src/startup_cm.o
 .comment       0x00000000       0x71 ./libs/CMSIS/src/startup_stm32f10x.o
 .comment       0x00000000       0x71 ./libs/CMSIS/src/system_stm32f10x.o
 .comment       0x00000000       0x71 ./libs/CMSIS/src/vectors_stm32f10x.o

.ARM.attributes
                0x00000000       0x33
 .ARM.attributes
                0x00000000       0x33 ./src/LIS3DH.o
 .ARM.attributes
                0x00000033       0x33 ./src/LM9DS0.o
 .ARM.attributes
                0x00000066       0x33 ./src/fifo.o
 .ARM.attributes
                0x00000099       0x33 ./src/main.o
 .ARM.attributes
                0x000000cc       0x33 ./src/pomiar.o
 .ARM.attributes
                0x000000ff       0x33 ./src/spi.o
 .ARM.attributes
                0x00000132       0x33 ./src/uart.o
 .ARM.attributes
                0x00000165       0x33 ./libs/misc/src/_sbrk.o
 .ARM.attributes
                0x00000198       0x33 ./libs/StdPeriph/src/misc.o
 .ARM.attributes
                0x000001cb       0x33 ./libs/StdPeriph/src/stm32f10x_gpio.o
 .ARM.attributes
                0x000001fe       0x33 ./libs/StdPeriph/src/stm32f10x_rcc.o
 .ARM.attributes
                0x00000231       0x33 ./libs/StdPeriph/src/stm32f10x_spi.o
 .ARM.attributes
                0x00000264       0x33 ./libs/StdPeriph/src/stm32f10x_usart.o
 .ARM.attributes
                0x00000297       0x33 ./libs/CMSIS/src/startup_cm.o
 .ARM.attributes
                0x000002ca       0x33 ./libs/CMSIS/src/startup_stm32f10x.o
 .ARM.attributes
                0x000002fd       0x33 ./libs/CMSIS/src/system_stm32f10x.o
 .ARM.attributes
                0x00000330       0x33 ./libs/CMSIS/src/vectors_stm32f10x.o
 .ARM.attributes
                0x00000363       0x2d d:/arm/gnu_tools_arm_embedded/4.9 2014q4/bin/../lib/gcc/arm-none-eabi/4.9.3/../../../../arm-none-eabi/lib/armv7-m\libg.a(lib_a-errno.o)
 .ARM.attributes
                0x00000390       0x2d d:/arm/gnu_tools_arm_embedded/4.9 2014q4/bin/../lib/gcc/arm-none-eabi/4.9.3/../../../../arm-none-eabi/lib/armv7-m\libg.a(lib_a-impure.o)
 .ARM.attributes
                0x000003bd       0x2d d:/arm/gnu_tools_arm_embedded/4.9 2014q4/bin/../lib/gcc/arm-none-eabi/4.9.3/../../../../arm-none-eabi/lib/armv7-m\libg.a(lib_a-malloc.o)
 .ARM.attributes
                0x000003ea       0x2d d:/arm/gnu_tools_arm_embedded/4.9 2014q4/bin/../lib/gcc/arm-none-eabi/4.9.3/../../../../arm-none-eabi/lib/armv7-m\libg.a(lib_a-mallocr.o)
 .ARM.attributes
                0x00000417       0x2d d:/arm/gnu_tools_arm_embedded/4.9 2014q4/bin/../lib/gcc/arm-none-eabi/4.9.3/../../../../arm-none-eabi/lib/armv7-m\libg.a(lib_a-mlock.o)
 .ARM.attributes
                0x00000444       0x2d d:/arm/gnu_tools_arm_embedded/4.9 2014q4/bin/../lib/gcc/arm-none-eabi/4.9.3/../../../../arm-none-eabi/lib/armv7-m\libg.a(lib_a-sbrkr.o)
 .ARM.attributes
                0x00000471       0x2d d:/arm/gnu_tools_arm_embedded/4.9 2014q4/bin/../lib/gcc/arm-none-eabi/4.9.3/../../../../arm-none-eabi/lib/armv7-m\libg.a(lib_a-freer.o)
 .ARM.attributes
                0x0000049e       0x2d d:/arm/gnu_tools_arm_embedded/4.9 2014q4/bin/../lib/gcc/arm-none-eabi/4.9.3/../../../../arm-none-eabi/lib/armv7-m\libg.a(lib_a-reent.o)

.debug
 *(.debug)

.line
 *(.line)

.debug_srcinfo
 *(.debug_srcinfo)

.debug_sfnames
 *(.debug_sfnames)

.debug_aranges  0x00000000      0x750
 *(.debug_aranges)
 .debug_aranges
                0x00000000       0x48 ./src/LIS3DH.o
 .debug_aranges
                0x00000048       0x68 ./src/LM9DS0.o
 .debug_aranges
                0x000000b0       0x40 ./src/fifo.o
 .debug_aranges
                0x000000f0       0x38 ./src/main.o
 .debug_aranges
                0x00000128       0x50 ./src/pomiar.o
 .debug_aranges
                0x00000178       0x48 ./src/spi.o
 .debug_aranges
                0x000001c0       0x70 ./src/uart.o
 .debug_aranges
                0x00000230       0x20 ./libs/misc/src/_sbrk.o
 .debug_aranges
                0x00000250       0x40 ./libs/StdPeriph/src/misc.o
 .debug_aranges
                0x00000290       0xa8 ./libs/StdPeriph/src/stm32f10x_gpio.o
 .debug_aranges
                0x00000338      0x160 ./libs/StdPeriph/src/stm32f10x_rcc.o
 .debug_aranges
                0x00000498       0xd0 ./libs/StdPeriph/src/stm32f10x_spi.o
 .debug_aranges
                0x00000568      0x100 ./libs/StdPeriph/src/stm32f10x_usart.o
 .debug_aranges
                0x00000668       0x38 ./libs/CMSIS/src/startup_cm.o
 .debug_aranges
                0x000006a0       0x20 ./libs/CMSIS/src/startup_stm32f10x.o
 .debug_aranges
                0x000006c0       0x28 ./libs/CMSIS/src/system_stm32f10x.o
 .debug_aranges
                0x000006e8       0x68 ./libs/CMSIS/src/vectors_stm32f10x.o

.debug_pubnames
 *(.debug_pubnames)

.debug_info     0x00000000     0x75fc
 *(.debug_info .gnu.linkonce.wi.*)
 .debug_info    0x00000000      0x522 ./src/LIS3DH.o
 .debug_info    0x00000522      0xc73 ./src/LM9DS0.o
 .debug_info    0x00001195      0x3a8 ./src/fifo.o
 .debug_info    0x0000153d      0xc38 ./src/main.o
 .debug_info    0x00002175      0x84d ./src/pomiar.o
 .debug_info    0x000029c2      0x75c ./src/spi.o
 .debug_info    0x0000311e      0xbc4 ./src/uart.o
 .debug_info    0x00003ce2      0x121 ./libs/misc/src/_sbrk.o
 .debug_info    0x00003e03      0x4f1 ./libs/StdPeriph/src/misc.o
 .debug_info    0x000042f4      0x7dd ./libs/StdPeriph/src/stm32f10x_gpio.o
 .debug_info    0x00004ad1      0xabe ./libs/StdPeriph/src/stm32f10x_rcc.o
 .debug_info    0x0000558f      0xa60 ./libs/StdPeriph/src/stm32f10x_spi.o
 .debug_info    0x00005fef      0xad5 ./libs/StdPeriph/src/stm32f10x_usart.o
 .debug_info    0x00006ac4      0x2e7 ./libs/CMSIS/src/startup_cm.o
 .debug_info    0x00006dab      0x268 ./libs/CMSIS/src/startup_stm32f10x.o
 .debug_info    0x00007013      0x4b9 ./libs/CMSIS/src/system_stm32f10x.o
 .debug_info    0x000074cc      0x130 ./libs/CMSIS/src/vectors_stm32f10x.o

.debug_abbrev   0x00000000     0x1f2f
 *(.debug_abbrev)
 .debug_abbrev  0x00000000      0x1e4 ./src/LIS3DH.o
 .debug_abbrev  0x000001e4      0x283 ./src/LM9DS0.o
 .debug_abbrev  0x00000467      0x19e ./src/fifo.o
 .debug_abbrev  0x00000605      0x371 ./src/main.o
 .debug_abbrev  0x00000976      0x2b7 ./src/pomiar.o
 .debug_abbrev  0x00000c2d      0x1c5 ./src/spi.o
 .debug_abbrev  0x00000df2      0x26e ./src/uart.o
 .debug_abbrev  0x00001060       0xb8 ./libs/misc/src/_sbrk.o
 .debug_abbrev  0x00001118      0x165 ./libs/StdPeriph/src/misc.o
 .debug_abbrev  0x0000127d      0x1f5 ./libs/StdPeriph/src/stm32f10x_gpio.o
 .debug_abbrev  0x00001472      0x1e2 ./libs/StdPeriph/src/stm32f10x_rcc.o
 .debug_abbrev  0x00001654      0x1fc ./libs/StdPeriph/src/stm32f10x_spi.o
 .debug_abbrev  0x00001850      0x1fa ./libs/StdPeriph/src/stm32f10x_usart.o
 .debug_abbrev  0x00001a4a      0x1b8 ./libs/CMSIS/src/startup_cm.o
 .debug_abbrev  0x00001c02       0xf6 ./libs/CMSIS/src/startup_stm32f10x.o
 .debug_abbrev  0x00001cf8      0x1a8 ./libs/CMSIS/src/system_stm32f10x.o
 .debug_abbrev  0x00001ea0       0x8f ./libs/CMSIS/src/vectors_stm32f10x.o

.debug_line     0x00000000     0x263b
 *(.debug_line)
 .debug_line    0x00000000      0x1bd ./src/LIS3DH.o
 .debug_line    0x000001bd      0x2e9 ./src/LM9DS0.o
 .debug_line    0x000004a6      0x16c ./src/fifo.o
 .debug_line    0x00000612      0x255 ./src/main.o
 .debug_line    0x00000867      0x229 ./src/pomiar.o
 .debug_line    0x00000a90      0x21f ./src/spi.o
 .debug_line    0x00000caf      0x320 ./src/uart.o
 .debug_line    0x00000fcf       0xae ./libs/misc/src/_sbrk.o
 .debug_line    0x0000107d      0x1af ./libs/StdPeriph/src/misc.o
 .debug_line    0x0000122c      0x32a ./libs/StdPeriph/src/stm32f10x_gpio.o
 .debug_line    0x00001556      0x4b7 ./libs/StdPeriph/src/stm32f10x_rcc.o
 .debug_line    0x00001a0d      0x3ad ./libs/StdPeriph/src/stm32f10x_spi.o
 .debug_line    0x00001dba      0x41c ./libs/StdPeriph/src/stm32f10x_usart.o
 .debug_line    0x000021d6      0x115 ./libs/CMSIS/src/startup_cm.o
 .debug_line    0x000022eb      0x12a ./libs/CMSIS/src/startup_stm32f10x.o
 .debug_line    0x00002415      0x193 ./libs/CMSIS/src/system_stm32f10x.o
 .debug_line    0x000025a8       0x93 ./libs/CMSIS/src/vectors_stm32f10x.o

.debug_frame    0x00000000     0x1128
 *(.debug_frame)
 .debug_frame   0x00000000       0x8c ./src/LIS3DH.o
 .debug_frame   0x0000008c      0x114 ./src/LM9DS0.o
 .debug_frame   0x000001a0       0x90 ./src/fifo.o
 .debug_frame   0x00000230       0x78 ./src/main.o
 .debug_frame   0x000002a8       0xa8 ./src/pomiar.o
 .debug_frame   0x00000350       0xa8 ./src/spi.o
 .debug_frame   0x000003f8      0x148 ./src/uart.o
 .debug_frame   0x00000540       0x28 ./libs/misc/src/_sbrk.o
 .debug_frame   0x00000568       0x68 ./libs/StdPeriph/src/misc.o
 .debug_frame   0x000005d0      0x170 ./libs/StdPeriph/src/stm32f10x_gpio.o
 .debug_frame   0x00000740      0x2b4 ./libs/StdPeriph/src/stm32f10x_rcc.o
 .debug_frame   0x000009f4      0x1bc ./libs/StdPeriph/src/stm32f10x_spi.o
 .debug_frame   0x00000bb0      0x224 ./libs/StdPeriph/src/stm32f10x_usart.o
 .debug_frame   0x00000dd4       0x70 ./libs/CMSIS/src/startup_cm.o
 .debug_frame   0x00000e44       0x20 ./libs/CMSIS/src/startup_stm32f10x.o
 .debug_frame   0x00000e64       0x48 ./libs/CMSIS/src/system_stm32f10x.o
 .debug_frame   0x00000eac       0xb0 ./libs/CMSIS/src/vectors_stm32f10x.o
 .debug_frame   0x00000f5c       0x20 d:/arm/gnu_tools_arm_embedded/4.9 2014q4/bin/../lib/gcc/arm-none-eabi/4.9.3/../../../../arm-none-eabi/lib/armv7-m\libg.a(lib_a-errno.o)
 .debug_frame   0x00000f7c       0x30 d:/arm/gnu_tools_arm_embedded/4.9 2014q4/bin/../lib/gcc/arm-none-eabi/4.9.3/../../../../arm-none-eabi/lib/armv7-m\libg.a(lib_a-malloc.o)
 .debug_frame   0x00000fac       0x54 d:/arm/gnu_tools_arm_embedded/4.9 2014q4/bin/../lib/gcc/arm-none-eabi/4.9.3/../../../../arm-none-eabi/lib/armv7-m\libg.a(lib_a-mallocr.o)
 .debug_frame   0x00001000       0x30 d:/arm/gnu_tools_arm_embedded/4.9 2014q4/bin/../lib/gcc/arm-none-eabi/4.9.3/../../../../arm-none-eabi/lib/armv7-m\libg.a(lib_a-mlock.o)
 .debug_frame   0x00001030       0x2c d:/arm/gnu_tools_arm_embedded/4.9 2014q4/bin/../lib/gcc/arm-none-eabi/4.9.3/../../../../arm-none-eabi/lib/armv7-m\libg.a(lib_a-sbrkr.o)
 .debug_frame   0x0000105c       0x74 d:/arm/gnu_tools_arm_embedded/4.9 2014q4/bin/../lib/gcc/arm-none-eabi/4.9.3/../../../../arm-none-eabi/lib/armv7-m\libg.a(lib_a-freer.o)
 .debug_frame   0x000010d0       0x58 d:/arm/gnu_tools_arm_embedded/4.9 2014q4/bin/../lib/gcc/arm-none-eabi/4.9.3/../../../../arm-none-eabi/lib/armv7-m\libg.a(lib_a-reent.o)

.debug_str      0x00000000     0x2179
 *(.debug_str)
 .debug_str     0x00000000      0x238 ./src/LIS3DH.o
                                0x282 (size before relaxing)
 .debug_str     0x00000238      0x3e3 ./src/LM9DS0.o
                                0x61a (size before relaxing)
 .debug_str     0x0000061b       0xa5 ./src/fifo.o
                                0x26a (size before relaxing)
 .debug_str     0x000006c0      0x660 ./src/main.o
                                0x94d (size before relaxing)
 .debug_str     0x00000d20      0x1ac ./src/pomiar.o
                                0x489 (size before relaxing)
 .debug_str     0x00000ecc       0x17 ./src/spi.o
                                0x5b6 (size before relaxing)
 .debug_str     0x00000ee3      0x251 ./src/uart.o
                                0xa14 (size before relaxing)
 .debug_str     0x00001134       0x73 ./libs/misc/src/_sbrk.o
                                0x226 (size before relaxing)
 .debug_str     0x000011a7       0xef ./libs/StdPeriph/src/misc.o
                                0x42c (size before relaxing)
 .debug_str     0x00001296      0x238 ./libs/StdPeriph/src/stm32f10x_gpio.o
                                0x5a4 (size before relaxing)
 .debug_str     0x000014ce      0x46e ./libs/StdPeriph/src/stm32f10x_rcc.o
                                0x7d6 (size before relaxing)
 .debug_str     0x0000193c      0x265 ./libs/StdPeriph/src/stm32f10x_spi.o
                                0x6fe (size before relaxing)
 .debug_str     0x00001ba1      0x304 ./libs/StdPeriph/src/stm32f10x_usart.o
                                0x744 (size before relaxing)
 .debug_str     0x00001ea5      0x151 ./libs/CMSIS/src/startup_cm.o
                                0x315 (size before relaxing)
 .debug_str     0x00001ff6       0x3d ./libs/CMSIS/src/startup_stm32f10x.o
                                0x266 (size before relaxing)
 .debug_str     0x00002033       0x7b ./libs/CMSIS/src/system_stm32f10x.o
                                0x391 (size before relaxing)
 .debug_str     0x000020ae       0xcb ./libs/CMSIS/src/vectors_stm32f10x.o
                                0x206 (size before relaxing)

.debug_loc      0x00000000     0x2ae5
 *(.debug_loc)
 .debug_loc     0x00000000      0x15d ./src/LIS3DH.o
 .debug_loc     0x0000015d      0x188 ./src/LM9DS0.o
 .debug_loc     0x000002e5      0x17b ./src/fifo.o
 .debug_loc     0x00000460       0xa4 ./src/main.o
 .debug_loc     0x00000504       0xf8 ./src/pomiar.o
 .debug_loc     0x000005fc       0xd4 ./src/spi.o
 .debug_loc     0x000006d0      0x4dc ./src/uart.o
 .debug_loc     0x00000bac       0x92 ./libs/misc/src/_sbrk.o
 .debug_loc     0x00000c3e      0x170 ./libs/StdPeriph/src/misc.o
 .debug_loc     0x00000dae      0x512 ./libs/StdPeriph/src/stm32f10x_gpio.o
 .debug_loc     0x000012c0      0x861 ./libs/StdPeriph/src/stm32f10x_rcc.o
 .debug_loc     0x00001b21      0x680 ./libs/StdPeriph/src/stm32f10x_spi.o
 .debug_loc     0x000021a1      0x767 ./libs/StdPeriph/src/stm32f10x_usart.o
 .debug_loc     0x00002908       0xe7 ./libs/CMSIS/src/startup_cm.o
 .debug_loc     0x000029ef       0xf6 ./libs/CMSIS/src/system_stm32f10x.o

.debug_macinfo
 *(.debug_macinfo)

.debug_weaknames
 *(.debug_weaknames)

.debug_funcnames
 *(.debug_funcnames)

.debug_typenames
 *(.debug_typenames)

.debug_varnames
 *(.debug_varnames)
OUTPUT(STM32F105-akcelerometry.elf elf32-littlearm)

.debug_ranges   0x00000000      0x710
 .debug_ranges  0x00000000       0x68 ./src/LIS3DH.o
 .debug_ranges  0x00000068       0x78 ./src/LM9DS0.o
 .debug_ranges  0x000000e0       0x30 ./src/fifo.o
 .debug_ranges  0x00000110       0x40 ./src/main.o
 .debug_ranges  0x00000150       0x40 ./src/pomiar.o
 .debug_ranges  0x00000190       0x38 ./src/spi.o
 .debug_ranges  0x000001c8       0xb0 ./src/uart.o
 .debug_ranges  0x00000278       0x10 ./libs/misc/src/_sbrk.o
 .debug_ranges  0x00000288       0x30 ./libs/StdPeriph/src/misc.o
 .debug_ranges  0x000002b8       0x98 ./libs/StdPeriph/src/stm32f10x_gpio.o
 .debug_ranges  0x00000350      0x150 ./libs/StdPeriph/src/stm32f10x_rcc.o
 .debug_ranges  0x000004a0       0xc0 ./libs/StdPeriph/src/stm32f10x_spi.o
 .debug_ranges  0x00000560       0xf0 ./libs/StdPeriph/src/stm32f10x_usart.o
 .debug_ranges  0x00000650       0x28 ./libs/CMSIS/src/startup_cm.o
 .debug_ranges  0x00000678       0x10 ./libs/CMSIS/src/startup_stm32f10x.o
 .debug_ranges  0x00000688       0x30 ./libs/CMSIS/src/system_stm32f10x.o
 .debug_ranges  0x000006b8       0x58 ./libs/CMSIS/src/vectors_stm32f10x.o
